Archive member included to satisfy reference by file (symbol)

/usr/local/arm/gcc-arm-none-eabi-5_4-2016q3/bin/../lib/gcc/arm-none-eabi/5.4.1/../../../../arm-none-eabi/lib/armv7-m/libc_nano.a(lib_a-exit.o)
                              /usr/local/arm/gcc-arm-none-eabi-5_4-2016q3/bin/../lib/gcc/arm-none-eabi/5.4.1/../../../../arm-none-eabi/lib/armv7-m/crt0.o (exit)
/usr/local/arm/gcc-arm-none-eabi-5_4-2016q3/bin/../lib/gcc/arm-none-eabi/5.4.1/../../../../arm-none-eabi/lib/armv7-m/libc_nano.a(lib_a-impure.o)
                              /usr/local/arm/gcc-arm-none-eabi-5_4-2016q3/bin/../lib/gcc/arm-none-eabi/5.4.1/../../../../arm-none-eabi/lib/armv7-m/libc_nano.a(lib_a-exit.o) (_global_impure_ptr)
/usr/local/arm/gcc-arm-none-eabi-5_4-2016q3/bin/../lib/gcc/arm-none-eabi/5.4.1/../../../../arm-none-eabi/lib/armv7-m/libc_nano.a(lib_a-init.o)
                              /usr/local/arm/gcc-arm-none-eabi-5_4-2016q3/bin/../lib/gcc/arm-none-eabi/5.4.1/../../../../arm-none-eabi/lib/armv7-m/crt0.o (__libc_init_array)
/usr/local/arm/gcc-arm-none-eabi-5_4-2016q3/bin/../lib/gcc/arm-none-eabi/5.4.1/../../../../arm-none-eabi/lib/armv7-m/libc_nano.a(lib_a-memset.o)
                              /usr/local/arm/gcc-arm-none-eabi-5_4-2016q3/bin/../lib/gcc/arm-none-eabi/5.4.1/../../../../arm-none-eabi/lib/armv7-m/crt0.o (memset)
/usr/local/arm/gcc-arm-none-eabi-5_4-2016q3/bin/../lib/gcc/arm-none-eabi/5.4.1/../../../../arm-none-eabi/lib/armv7-m/libnosys.a(_exit.o)
                              /usr/local/arm/gcc-arm-none-eabi-5_4-2016q3/bin/../lib/gcc/arm-none-eabi/5.4.1/../../../../arm-none-eabi/lib/armv7-m/libc_nano.a(lib_a-exit.o) (_exit)

Discarded input sections

 .text          0x00000000        0x0 /usr/local/arm/gcc-arm-none-eabi-5_4-2016q3/bin/../lib/gcc/arm-none-eabi/5.4.1/armv7-m/crti.o
 .data          0x00000000        0x0 /usr/local/arm/gcc-arm-none-eabi-5_4-2016q3/bin/../lib/gcc/arm-none-eabi/5.4.1/armv7-m/crti.o
 .bss           0x00000000        0x0 /usr/local/arm/gcc-arm-none-eabi-5_4-2016q3/bin/../lib/gcc/arm-none-eabi/5.4.1/armv7-m/crti.o
 .data          0x00000000        0x4 /usr/local/arm/gcc-arm-none-eabi-5_4-2016q3/bin/../lib/gcc/arm-none-eabi/5.4.1/armv7-m/crtbegin.o
 .text          0x00000000       0x74 /usr/local/arm/gcc-arm-none-eabi-5_4-2016q3/bin/../lib/gcc/arm-none-eabi/5.4.1/../../../../arm-none-eabi/lib/armv7-m/crt0.o
 .data          0x00000000        0x0 /usr/local/arm/gcc-arm-none-eabi-5_4-2016q3/bin/../lib/gcc/arm-none-eabi/5.4.1/../../../../arm-none-eabi/lib/armv7-m/crt0.o
 .bss           0x00000000        0x0 /usr/local/arm/gcc-arm-none-eabi-5_4-2016q3/bin/../lib/gcc/arm-none-eabi/5.4.1/../../../../arm-none-eabi/lib/armv7-m/crt0.o
 .ARM.extab     0x00000000        0x0 /usr/local/arm/gcc-arm-none-eabi-5_4-2016q3/bin/../lib/gcc/arm-none-eabi/5.4.1/../../../../arm-none-eabi/lib/armv7-m/crt0.o
 .ARM.exidx     0x00000000        0x8 /usr/local/arm/gcc-arm-none-eabi-5_4-2016q3/bin/../lib/gcc/arm-none-eabi/5.4.1/../../../../arm-none-eabi/lib/armv7-m/crt0.o
 .ARM.attributes
                0x00000000       0x1b /usr/local/arm/gcc-arm-none-eabi-5_4-2016q3/bin/../lib/gcc/arm-none-eabi/5.4.1/../../../../arm-none-eabi/lib/armv7-m/crt0.o
 .text          0x00000000        0x0 /usr/local/arm/gcc-arm-none-eabi-5_4-2016q3/bin/../lib/gcc/arm-none-eabi/5.4.1/../../../../arm-none-eabi/lib/armv7-m/libc_nano.a(lib_a-exit.o)
 .data          0x00000000        0x0 /usr/local/arm/gcc-arm-none-eabi-5_4-2016q3/bin/../lib/gcc/arm-none-eabi/5.4.1/../../../../arm-none-eabi/lib/armv7-m/libc_nano.a(lib_a-exit.o)
 .bss           0x00000000        0x0 /usr/local/arm/gcc-arm-none-eabi-5_4-2016q3/bin/../lib/gcc/arm-none-eabi/5.4.1/../../../../arm-none-eabi/lib/armv7-m/libc_nano.a(lib_a-exit.o)
 .text.exit     0x00000000       0x28 /usr/local/arm/gcc-arm-none-eabi-5_4-2016q3/bin/../lib/gcc/arm-none-eabi/5.4.1/../../../../arm-none-eabi/lib/armv7-m/libc_nano.a(lib_a-exit.o)
 .debug_frame   0x00000000       0x28 /usr/local/arm/gcc-arm-none-eabi-5_4-2016q3/bin/../lib/gcc/arm-none-eabi/5.4.1/../../../../arm-none-eabi/lib/armv7-m/libc_nano.a(lib_a-exit.o)
 .ARM.attributes
                0x00000000       0x2d /usr/local/arm/gcc-arm-none-eabi-5_4-2016q3/bin/../lib/gcc/arm-none-eabi/5.4.1/../../../../arm-none-eabi/lib/armv7-m/libc_nano.a(lib_a-exit.o)
 .text          0x00000000        0x0 /usr/local/arm/gcc-arm-none-eabi-5_4-2016q3/bin/../lib/gcc/arm-none-eabi/5.4.1/../../../../arm-none-eabi/lib/armv7-m/libc_nano.a(lib_a-impure.o)
 .data          0x00000000        0x0 /usr/local/arm/gcc-arm-none-eabi-5_4-2016q3/bin/../lib/gcc/arm-none-eabi/5.4.1/../../../../arm-none-eabi/lib/armv7-m/libc_nano.a(lib_a-impure.o)
 .bss           0x00000000        0x0 /usr/local/arm/gcc-arm-none-eabi-5_4-2016q3/bin/../lib/gcc/arm-none-eabi/5.4.1/../../../../arm-none-eabi/lib/armv7-m/libc_nano.a(lib_a-impure.o)
 .data.impure_data
[...]
Memory Configuration

Name             Origin             Length             Attributes
FLASH            0x08000000         0x00080000         xr
RAM              0x20000000         0x00010000         xrw
MEMORY_B1        0x60000000         0x00000000         xr
*default*        0x00000000         0xffffffff

Linker script and memory map

LOAD /usr/local/arm/gcc-arm-none-eabi-5_4-2016q3/bin/../lib/gcc/arm-none-eabi/5.4.1/armv7-m/crti.o
LOAD /usr/local/arm/gcc-arm-none-eabi-5_4-2016q3/bin/../lib/gcc/arm-none-eabi/5.4.1/armv7-m/crtbegin.o
LOAD /usr/local/arm/gcc-arm-none-eabi-5_4-2016q3/bin/../lib/gcc/arm-none-eabi/5.4.1/../../../../arm-none-eabi/lib/armv7-m/crt0.o
START GROUP
LOAD /usr/local/arm/gcc-arm-none-eabi-5_4-2016q3/bin/../lib/gcc/arm-none-eabi/5.4.1/armv7-m/libgcc.a
LOAD /usr/local/arm/gcc-arm-none-eabi-5_4-2016q3/bin/../lib/gcc/arm-none-eabi/5.4.1/../../../../arm-none-eabi/lib/armv7-m/libc_nano.a
LOAD /usr/local/arm/gcc-arm-none-eabi-5_4-2016q3/bin/../lib/gcc/arm-none-eabi/5.4.1/../../../../arm-none-eabi/lib/armv7-m/libm.a
END GROUP
                0x00000080                malloc_getpagesize_P = 0x80
LOAD led/led.o
LOAD libs/STM32_USB-FS-Device_Lib_V4.0.0/Libraries/CMSIS/Device/ST/STM32F10x/Source/Templates/system_stm32f10x.o
LOAD libs/STM32_USB-FS-Device_Lib_V4.0.0/Libraries/STM32F10x_StdPeriph_Driver/src/misc.o
LOAD libs/STM32_USB-FS-Device_Lib_V4.0.0/Libraries/STM32F10x_StdPeriph_Driver/src/stm32f10x_adc.o
LOAD libs/STM32_USB-FS-Device_Lib_V4.0.0/Libraries/STM32F10x_StdPeriph_Driver/src/stm32f10x_bkp.o
LOAD libs/STM32_USB-FS-Device_Lib_V4.0.0/Libraries/STM32F10x_StdPeriph_Driver/src/stm32f10x_can.o
LOAD libs/STM32_USB-FS-Device_Lib_V4.0.0/Libraries/STM32F10x_StdPeriph_Driver/src/stm32f10x_cec.o
LOAD libs/STM32_USB-FS-Device_Lib_V4.0.0/Libraries/STM32F10x_StdPeriph_Driver/src/stm32f10x_crc.o
LOAD libs/STM32_USB-FS-Device_Lib_V4.0.0/Libraries/STM32F10x_StdPeriph_Driver/src/stm32f10x_dac.o
LOAD libs/STM32_USB-FS-Device_Lib_V4.0.0/Libraries/STM32F10x_StdPeriph_Driver/src/stm32f10x_dbgmcu.o
LOAD libs/STM32_USB-FS-Device_Lib_V4.0.0/Libraries/STM32F10x_StdPeriph_Driver/src/stm32f10x_dma.o
LOAD libs/STM32_USB-FS-Device_Lib_V4.0.0/Libraries/STM32F10x_StdPeriph_Driver/src/stm32f10x_exti.o
LOAD libs/STM32_USB-FS-Device_Lib_V4.0.0/Libraries/STM32F10x_StdPeriph_Driver/src/stm32f10x_flash.o
LOAD libs/STM32_USB-FS-Device_Lib_V4.0.0/Libraries/STM32F10x_StdPeriph_Driver/src/stm32f10x_fsmc.o
LOAD libs/STM32_USB-FS-Device_Lib_V4.0.0/Libraries/STM32F10x_StdPeriph_Driver/src/stm32f10x_gpio.o
LOAD libs/STM32_USB-FS-Device_Lib_V4.0.0/Libraries/STM32F10x_StdPeriph_Driver/src/stm32f10x_i2c.o
LOAD libs/STM32_USB-FS-Device_Lib_V4.0.0/Libraries/STM32F10x_StdPeriph_Driver/src/stm32f10x_iwdg.o
LOAD libs/STM32_USB-FS-Device_Lib_V4.0.0/Libraries/STM32F10x_StdPeriph_Driver/src/stm32f10x_pwr.o
LOAD libs/STM32_USB-FS-Device_Lib_V4.0.0/Libraries/STM32F10x_StdPeriph_Driver/src/stm32f10x_rcc.o
LOAD libs/STM32_USB-FS-Device_Lib_V4.0.0/Libraries/STM32F10x_StdPeriph_Driver/src/stm32f10x_rtc.o
LOAD libs/STM32_USB-FS-Device_Lib_V4.0.0/Libraries/STM32F10x_StdPeriph_Driver/src/stm32f10x_sdio.o
LOAD libs/STM32_USB-FS-Device_Lib_V4.0.0/Libraries/STM32F10x_StdPeriph_Driver/src/stm32f10x_spi.o
LOAD libs/STM32_USB-FS-Device_Lib_V4.0.0/Libraries/STM32F10x_StdPeriph_Driver/src/stm32f10x_tim.o
LOAD libs/STM32_USB-FS-Device_Lib_V4.0.0/Libraries/STM32F10x_StdPeriph_Driver/src/stm32f10x_usart.o
LOAD libs/STM32_USB-FS-Device_Lib_V4.0.0/Libraries/STM32F10x_StdPeriph_Driver/src/stm32f10x_wwdg.o
LOAD pwm/timer.o
LOAD src/stm32f10x_it.o
LOAD src/main.o
LOAD tools/sys.o
LOAD tools/delay.o
LOAD beep/beep.o
LOAD key/key.o
LOAD usart/usart.o
LOAD /home/tavis/ARM/ST/STM32F103ZET6/Demo/libs/STM32_USB-FS-Device_Lib_V4.0.0/Libraries/CMSIS/Device/ST/STM32F10x/Source/Templates/gcc_ride7/startup_stm32f10x_hd.o
START GROUP
LOAD /usr/local/arm/gcc-arm-none-eabi-5_4-2016q3/bin/../lib/gcc/arm-none-eabi/5.4.1/armv7-m/libgcc.a
LOAD /usr/local/arm/gcc-arm-none-eabi-5_4-2016q3/bin/../lib/gcc/arm-none-eabi/5.4.1/../../../../arm-none-eabi/lib/armv7-m/libc_nano.a
END GROUP
START GROUP
LOAD /usr/local/arm/gcc-arm-none-eabi-5_4-2016q3/bin/../lib/gcc/arm-none-eabi/5.4.1/armv7-m/libgcc.a
LOAD /usr/local/arm/gcc-arm-none-eabi-5_4-2016q3/bin/../lib/gcc/arm-none-eabi/5.4.1/../../../../arm-none-eabi/lib/armv7-m/libc_nano.a
LOAD /usr/local/arm/gcc-arm-none-eabi-5_4-2016q3/bin/../lib/gcc/arm-none-eabi/5.4.1/../../../../arm-none-eabi/lib/armv7-m/libnosys.a
END GROUP
START GROUP
LOAD /usr/local/arm/gcc-arm-none-eabi-5_4-2016q3/bin/../lib/gcc/arm-none-eabi/5.4.1/armv7-m/libgcc.a
LOAD /usr/local/arm/gcc-arm-none-eabi-5_4-2016q3/bin/../lib/gcc/arm-none-eabi/5.4.1/../../../../arm-none-eabi/lib/armv7-m/libc_nano.a
LOAD /usr/local/arm/gcc-arm-none-eabi-5_4-2016q3/bin/../lib/gcc/arm-none-eabi/5.4.1/../../../../arm-none-eabi/lib/armv7-m/libnosys.a
END GROUP
LOAD /usr/local/arm/gcc-arm-none-eabi-5_4-2016q3/bin/../lib/gcc/arm-none-eabi/5.4.1/armv7-m/crtend.o
LOAD /usr/local/arm/gcc-arm-none-eabi-5_4-2016q3/bin/../lib/gcc/arm-none-eabi/5.4.1/armv7-m/crtn.o
                0x20010000                _estack = 0x20010000
                0x00000000                _Min_Heap_Size = 0x0
                0x00000200                _Min_Stack_Size = 0x200

.isr_vector     0x08000000      0x1e4
                0x08000000                . = ALIGN (0x4)
 *(.isr_vector)
 .isr_vector    0x08000000      0x1e4 /home/tavis/ARM/ST/STM32F103ZET6/Demo/libs/STM32_USB-FS-Device_Lib_V4.0.0/Libraries/CMSIS/Device/ST/STM32F10x/Source/Templates/gcc_ride7/startup_stm32f10x_hd.o
                0x08000000                g_pfnVectors
                0x080001e4                . = ALIGN (0x4)

.eh_frame       0x080001e4        0x0
 .eh_frame      0x080001e4        0x0 /usr/local/arm/gcc-arm-none-eabi-5_4-2016q3/bin/../lib/gcc/arm-none-eabi/5.4.1/armv7-m/crtbegin.o

.text           0x080001e4     0x4050
                0x080001e4                . = ALIGN (0x4)
 *(.text)
 .text          0x080001e4       0x5c /usr/local/arm/gcc-arm-none-eabi-5_4-2016q3/bin/../lib/gcc/arm-none-eabi/5.4.1/armv7-m/crtbegin.o
 .text          0x08000240       0x5c led/led.o
                0x08000240                LED_Init
 .text          0x0800029c      0x24c libs/STM32_USB-FS-Device_Lib_V4.0.0/Libraries/CMSIS/Device/ST/STM32F10x/Source/Templates/system_stm32f10x.o
                0x0800029c                SystemInit
                0x08000304                SystemCoreClockUpdate
 .text          0x080004e8      0x18c libs/STM32_USB-FS-Device_Lib_V4.0.0/Libraries/STM32F10x_StdPeriph_Driver/src/misc.o
                0x080004e8                NVIC_PriorityGroupConfig
                0x0800050c                NVIC_Init
                0x080005d0                NVIC_SetVectorTable
                0x080005fc                NVIC_SystemLPConfig
                0x0800063c                SysTick_CLKSourceConfig
 .text          0x08000674      0x5e8 libs/STM32_USB-FS-Device_Lib_V4.0.0/Libraries/STM32F10x_StdPeriph_Driver/src/stm32f10x_gpio.o
                0x08000674                GPIO_DeInit
                0x08000758                GPIO_AFIODeInit
                0x08000770                GPIO_Init
                0x080008e8                GPIO_StructInit
                0x08000910                GPIO_ReadInputDataBit
                0x08000944                GPIO_ReadInputData
                0x0800095c                GPIO_ReadOutputDataBit
                0x08000990                GPIO_ReadOutputData
                0x080009a8                GPIO_SetBits
                0x080009c4                GPIO_ResetBits
                0x080009e0                GPIO_WriteBit
                0x08000a10                GPIO_Write
                0x08000a2c                GPIO_PinLockConfig
                0x08000a70                GPIO_EventOutputConfig
                0x08000abc                GPIO_EventOutputCmd
                0x08000adc                GPIO_PinRemapConfig
                0x08000bbc                GPIO_EXTILineConfig
                0x08000c40                GPIO_ETH_MediaInterfaceConfig
 .text          0x08000c5c      0x7d0 libs/STM32_USB-FS-Device_Lib_V4.0.0/Libraries/STM32F10x_StdPeriph_Driver/src/stm32f10x_rcc.o
                0x08000c5c                RCC_DeInit
                0x08000cb8                RCC_HSEConfig
                0x08000d14                RCC_WaitForHSEStartUp
                0x08000d64                RCC_AdjustHSICalibrationValue
                0x08000da0                RCC_HSICmd
                0x08000dc0                RCC_PLLConfig
                0x08000dfc                RCC_PLLCmd
                0x08000e1c                RCC_SYSCLKConfig
                0x08000e54                RCC_GetSYSCLKSource
                0x08000e70                RCC_HCLKConfig
                0x08000ea8                RCC_PCLK1Config
                0x08000ee0                RCC_PCLK2Config
                0x08000f18                RCC_ITConfig
                0x08000f64                RCC_USBCLKConfig
                0x08000f80                RCC_ADCCLKConfig
                0x08000fb8                RCC_LSEConfig
                0x08000ff8                RCC_LSICmd
                0x08001018                RCC_RTCCLKConfig
                0x0800103c                RCC_RTCCLKCmd
                0x0800105c                RCC_GetClocksFreq
                0x080011bc                RCC_AHBPeriphClockCmd
                0x080011f8                RCC_APB2PeriphClockCmd
                0x08001234                RCC_APB1PeriphClockCmd
                0x08001270                RCC_APB2PeriphResetCmd
                0x080012ac                RCC_APB1PeriphResetCmd
                0x080012e8                RCC_BackupResetCmd
                0x08001308                RCC_ClockSecuritySystemCmd
                0x08001328                RCC_MCOConfig
                0x08001348                RCC_GetFlagStatus
                0x080013bc                RCC_ClearFlag
                0x080013d8                RCC_GetITStatus
                0x0800140c                RCC_ClearITPendingBit
 .text          0x0800142c     0x1e04 libs/STM32_USB-FS-Device_Lib_V4.0.0/Libraries/STM32F10x_StdPeriph_Driver/src/stm32f10x_tim.o
                0x0800142c                TIM_DeInit
                0x08001658                TIM_TimeBaseInit
                0x08001750                TIM_OC1Init
                0x08001868                TIM_OC2Init
                0x08001978                TIM_OC3Init
                0x08001a84                TIM_OC4Init
                0x08001b54                TIM_ICInit
                0x08001bfc                TIM_PWMIConfig
                0x08001cb4                TIM_BDTRConfig
                0x08001d04                TIM_TimeBaseStructInit
                0x08001d38                TIM_OCStructInit
                0x08001d7c                TIM_ICStructInit
                0x08001dac                TIM_BDTRStructInit
                0x08001de8                TIM_Cmd
                0x08001e28                TIM_CtrlPWMOutputs
                0x08001e74                TIM_ITConfig
                0x08001ebc                TIM_GenerateEvent
                0x08001ed8                TIM_DMAConfig
                0x08001f00                TIM_DMACmd
                0x08001f48                TIM_InternalClockConfig
                0x08001f6c                TIM_ITRxExternalClockConfig
                0x08001f9c                TIM_TIxExternalClockConfig
                0x08001ff8                TIM_ETRClockMode1Config
                0x08002058                TIM_ETRClockMode2Config
                0x08002098                TIM_ETRConfig
                0x080020ec                TIM_PrescalerConfig
                0x08002114                TIM_CounterModeConfig
                0x0800214c                TIM_SelectInputTrigger
                0x08002184                TIM_EncoderInterfaceConfig
                0x0800221c                TIM_ForcedOC1Config
                0x08002254                TIM_ForcedOC2Config
                0x08002290                TIM_ForcedOC3Config
                0x080022c8                TIM_ForcedOC4Config
                0x08002304                TIM_ARRPreloadConfig
                0x08002344                TIM_SelectCOM
                0x08002384                TIM_SelectCCDMA
                0x080023c4                TIM_CCPreloadControl
                0x08002404                TIM_OC1PreloadConfig
                0x0800243c                TIM_OC2PreloadConfig
                0x08002478                TIM_OC3PreloadConfig
                0x080024b0                TIM_OC4PreloadConfig
                0x080024ec                TIM_OC1FastConfig
                0x08002524                TIM_OC2FastConfig
                0x08002560                TIM_OC3FastConfig
                0x08002598                TIM_OC4FastConfig
                0x080025d4                TIM_ClearOC1Ref
                0x0800260c                TIM_ClearOC2Ref
                0x08002648                TIM_ClearOC3Ref
                0x08002680                TIM_ClearOC4Ref
                0x080026bc                TIM_OC1PolarityConfig
                0x080026f4                TIM_OC1NPolarityConfig
                0x0800272c                TIM_OC2PolarityConfig
                0x08002768                TIM_OC2NPolarityConfig
                0x080027a4                TIM_OC3PolarityConfig
                0x080027e0                TIM_OC3NPolarityConfig
                0x0800281c                TIM_OC4PolarityConfig
                0x08002858                TIM_CCxCmd
                0x080028ac                TIM_CCxNCmd
                0x08002900                TIM_SelectOCxM
                0x080029ac                TIM_UpdateDisableConfig
                0x080029ec                TIM_UpdateRequestConfig
                0x08002a2c                TIM_SelectHallSensor
                0x08002a6c                TIM_SelectOnePulseMode
                0x08002aa4                TIM_SelectOutputTrigger
                0x08002adc                TIM_SelectSlaveMode
                0x08002b14                TIM_SelectMasterSlaveMode
                0x08002b4c                TIM_SetCounter
                0x08002b68                TIM_SetAutoreload
                0x08002b84                TIM_SetCompare1
                0x08002ba0                TIM_SetCompare2
                0x08002bbc                TIM_SetCompare3
                0x08002bd8                TIM_SetCompare4
                0x08002bf8                TIM_SetIC1Prescaler
                0x08002c30                TIM_SetIC2Prescaler
                0x08002c6c                TIM_SetIC3Prescaler
                0x08002ca4                TIM_SetIC4Prescaler
                0x08002ce0                TIM_SetClockDivision
                0x08002d18                TIM_GetCapture1
                0x08002d30                TIM_GetCapture2
                0x08002d48                TIM_GetCapture3
                0x08002d60                TIM_GetCapture4
                0x08002d7c                TIM_GetCounter
                0x08002d94                TIM_GetPrescaler
                0x08002dac                TIM_GetFlagStatus
                0x08002de4                TIM_ClearFlag
                0x08002e04                TIM_GetITStatus
                0x08002e58                TIM_ClearITPendingBit
 .text          0x08003230      0x904 libs/STM32_USB-FS-Device_Lib_V4.0.0/Libraries/STM32F10x_StdPeriph_Driver/src/stm32f10x_usart.o
                0x08003230                USART_DeInit
                0x080032e8                USART_Init
                0x0800345c                USART_StructInit
                0x08003494                USART_ClockInit
                0x080034ec                USART_ClockStructInit
                0x08003518                USART_Cmd
                0x08003558                USART_ITConfig
                0x080035e8                USART_DMACmd
                0x08003630                USART_SetAddress
                0x08003668                USART_WakeUpConfig
                0x080036a0                USART_ReceiverWakeUpCmd
                0x080036e0                USART_LINBreakDetectLengthConfig
                0x08003718                USART_LINCmd
                0x08003758                USART_SendData
                0x0800377c                USART_ReceiveData
                0x0800379c                USART_SendBreak
                0x080037c0                USART_SetGuardTime
                0x080037fc                USART_SetPrescaler
                0x08003834                USART_SmartCardCmd
                0x08003874                USART_SmartCardNACKCmd
                0x080038b4                USART_HalfDuplexCmd
                0x080038f4                USART_OverSampling8Cmd
                0x08003938                USART_OneBitMethodCmd
                0x08003978                USART_IrDAConfig
                0x080039b0                USART_IrDACmd
                0x080039f0                USART_GetFlagStatus
                0x08003a28                USART_ClearFlag
                0x08003a48                USART_GetITStatus
                0x08003afc                USART_ClearITPendingBit
 .text          0x08003b34      0x140 pwm/timer.o
                0x08003b34                TIM3_Int_Init
                0x08003ba0                TIM3_IRQHandler
                0x08003bd8                TIM3_PWM_Init
 .text          0x08003c74       0x5c src/stm32f10x_it.o
                0x08003c74                NMI_Handler
                0x08003c80                HardFault_Handler
                0x08003c88                MemManage_Handler
                0x08003c90                BusFault_Handler
                0x08003c98                UsageFault_Handler
                0x08003ca0                SVC_Handler
                0x08003cac                DebugMon_Handler
                0x08003cb8                PendSV_Handler
                0x08003cc4                SysTick_Handler
 .text          0x08003cd0      0x188 src/main.o
                0x08003cd0                main
                0x08003ce4                LED_Blink
                0x08003d20                Beep
                0x08003d54                Key_Press
                0x08003e1c                TIM3_PWM
 .text          0x08003e58      0x11c tools/delay.o
                0x08003e58                delay_init
                0x08003ea4                delay_us
                0x08003f0c                delay_ms
 .text          0x08003f74       0x3c beep/beep.o
                0x08003f74                Beep_Init
 .text          0x08003fb0      0x148 key/key.o
                0x08003fb0                Key_Init
                0x08003ff4                Key_Scan
 .text          0x080040f8       0xdc usart/usart.o
                0x080040f8                USART1_Init
                0x0800419c                USART1_IRQHandler
 *(.text*)
 .text.Reset_Handler
                0x080041d4       0x44 /home/tavis/ARM/ST/STM32F103ZET6/Demo/libs/STM32_USB-FS-Device_Lib_V4.0.0/Libraries/CMSIS/Device/ST/STM32F10x/Source/Templates/gcc_ride7/startup_stm32f10x_hd.o
                0x080041d4                Reset_Handler
 .text.Default_Handler
                0x08004218        0x2 /home/tavis/ARM/ST/STM32F103ZET6/Demo/libs/STM32_USB-FS-Device_Lib_V4.0.0/Libraries/CMSIS/Device/ST/STM32F10x/Source/Templates/gcc_ride7/startup_stm32f10x_hd.o
                0x08004218                EXTI2_IRQHandler
                0x08004218                TIM8_TRG_COM_IRQHandler
                0x08004218                TIM8_CC_IRQHandler
                0x08004218                TIM1_CC_IRQHandler
                0x08004218                TIM6_IRQHandler
                0x08004218                PVD_IRQHandler
                0x08004218                SDIO_IRQHandler
                0x08004218                EXTI3_IRQHandler
                0x08004218                EXTI0_IRQHandler
                0x08004218                I2C2_EV_IRQHandler
                0x08004218                ADC1_2_IRQHandler
                0x08004218                SPI1_IRQHandler
                0x08004218                TAMPER_IRQHandler
                0x08004218                TIM8_UP_IRQHandler
                0x08004218                DMA2_Channel2_IRQHandler
                0x08004218                DMA1_Channel4_IRQHandler
                0x08004218                USART3_IRQHandler
                0x08004218                RTC_IRQHandler
                0x08004218                DMA1_Channel7_IRQHandler
                0x08004218                CAN1_RX1_IRQHandler
                0x08004218                UART5_IRQHandler
                0x08004218                ADC3_IRQHandler
                0x08004218                TIM4_IRQHandler
                0x08004218                DMA2_Channel1_IRQHandler
                0x08004218                I2C1_EV_IRQHandler
                0x08004218                DMA1_Channel6_IRQHandler
                0x08004218                UART4_IRQHandler
                0x08004218                RCC_IRQHandler
                0x08004218                TIM1_TRG_COM_IRQHandler
                0x08004218                DMA1_Channel1_IRQHandler
                0x08004218                Default_Handler
                0x08004218                EXTI15_10_IRQHandler
                0x08004218                TIM7_IRQHandler
                0x08004218                TIM5_IRQHandler
                0x08004218                EXTI9_5_IRQHandler
                0x08004218                SPI2_IRQHandler
                0x08004218                DMA1_Channel5_IRQHandler
                0x08004218                EXTI4_IRQHandler
                0x08004218                USB_LP_CAN1_RX0_IRQHandler
                0x08004218                USB_HP_CAN1_TX_IRQHandler
                0x08004218                DMA1_Channel3_IRQHandler
                0x08004218                FSMC_IRQHandler
                0x08004218                TIM1_UP_IRQHandler
                0x08004218                WWDG_IRQHandler
                0x08004218                TIM2_IRQHandler
                0x08004218                TIM1_BRK_IRQHandler
                0x08004218                EXTI1_IRQHandler
                0x08004218                RTCAlarm_IRQHandler
                0x08004218                DMA2_Channel4_5_IRQHandler
                0x08004218                USART2_IRQHandler
                0x08004218                I2C2_ER_IRQHandler
                0x08004218                DMA1_Channel2_IRQHandler
                0x08004218                TIM8_BRK_IRQHandler
                0x08004218                CAN1_SCE_IRQHandler
                0x08004218                FLASH_IRQHandler
                0x08004218                SPI3_IRQHandler
                0x08004218                I2C1_ER_IRQHandler
                0x08004218                USBWakeUp_IRQHandler
                0x08004218                DMA2_Channel3_IRQHandler
 *(.rodata)
 *(.rodata*)
 *(.glue_7)
 .glue_7        0x0800421a        0x0 linker stubs
 *(.glue_7t)
 .glue_7t       0x0800421a        0x0 linker stubs
 *(.init)
 *fill*         0x0800421a        0x2 
 .init          0x0800421c        0x4 /usr/local/arm/gcc-arm-none-eabi-5_4-2016q3/bin/../lib/gcc/arm-none-eabi/5.4.1/armv7-m/crti.o
                0x0800421c                _init
 .init          0x08004220        0x8 /usr/local/arm/gcc-arm-none-eabi-5_4-2016q3/bin/../lib/gcc/arm-none-eabi/5.4.1/armv7-m/crtn.o
 *(.fini)
 .fini          0x08004228        0x4 /usr/local/arm/gcc-arm-none-eabi-5_4-2016q3/bin/../lib/gcc/arm-none-eabi/5.4.1/armv7-m/crti.o
                0x08004228                _fini
 .fini          0x0800422c        0x8 /usr/local/arm/gcc-arm-none-eabi-5_4-2016q3/bin/../lib/gcc/arm-none-eabi/5.4.1/armv7-m/crtn.o
                0x08004234                . = ALIGN (0x4)
                0x08004234                _etext = .

.vfp11_veneer   0x08004234        0x0
 .vfp11_veneer  0x08004234        0x0 linker stubs

.v4_bx          0x08004234        0x0
 .v4_bx         0x08004234        0x0 linker stubs

.iplt           0x08004234        0x0
 .iplt          0x08004234        0x0 /usr/local/arm/gcc-arm-none-eabi-5_4-2016q3/bin/../lib/gcc/arm-none-eabi/5.4.1/armv7-m/crtbegin.o

.rel.dyn        0x08004234        0x0
 .rel.iplt      0x08004234        0x0 /usr/local/arm/gcc-arm-none-eabi-5_4-2016q3/bin/../lib/gcc/arm-none-eabi/5.4.1/armv7-m/crtbegin.o

.ARM.extab
 *(.ARM.extab* .gnu.linkonce.armextab.*)

.ARM            0x08004234        0x0
                0x08004234                __exidx_start = .
 *(.ARM.exidx*)
                0x08004234                __exidx_end = .

.ARM.attributes
                0x08004234       0x29
 *(.ARM.attributes)
 .ARM.attributes
                0x08004234       0x1d /usr/local/arm/gcc-arm-none-eabi-5_4-2016q3/bin/../lib/gcc/arm-none-eabi/5.4.1/armv7-m/crti.o
 .ARM.attributes
                0x08004251       0x2d /usr/local/arm/gcc-arm-none-eabi-5_4-2016q3/bin/../lib/gcc/arm-none-eabi/5.4.1/armv7-m/crtbegin.o
 .ARM.attributes
                0x0800427e       0x33 led/led.o
 .ARM.attributes
                0x080042b1       0x33 libs/STM32_USB-FS-Device_Lib_V4.0.0/Libraries/CMSIS/Device/ST/STM32F10x/Source/Templates/system_stm32f10x.o
 .ARM.attributes
                0x080042e4       0x33 libs/STM32_USB-FS-Device_Lib_V4.0.0/Libraries/STM32F10x_StdPeriph_Driver/src/misc.o
 .ARM.attributes
                0x08004317       0x33 libs/STM32_USB-FS-Device_Lib_V4.0.0/Libraries/STM32F10x_StdPeriph_Driver/src/stm32f10x_gpio.o
 .ARM.attributes
                0x0800434a       0x33 libs/STM32_USB-FS-Device_Lib_V4.0.0/Libraries/STM32F10x_StdPeriph_Driver/src/stm32f10x_rcc.o
 .ARM.attributes
                0x0800437d       0x33 libs/STM32_USB-FS-Device_Lib_V4.0.0/Libraries/STM32F10x_StdPeriph_Driver/src/stm32f10x_tim.o
 .ARM.attributes
                0x080043b0       0x33 libs/STM32_USB-FS-Device_Lib_V4.0.0/Libraries/STM32F10x_StdPeriph_Driver/src/stm32f10x_usart.o
 .ARM.attributes
                0x080043e3       0x33 pwm/timer.o
 .ARM.attributes
                0x08004416       0x33 src/stm32f10x_it.o
 .ARM.attributes
                0x08004449       0x33 src/main.o
 .ARM.attributes
                0x0800447c       0x33 tools/delay.o
 .ARM.attributes
                0x080044af       0x33 beep/beep.o
 .ARM.attributes
                0x080044e2       0x33 key/key.o
 .ARM.attributes
                0x08004515       0x33 usart/usart.o
 .ARM.attributes
                0x08004548       0x21 /home/tavis/ARM/ST/STM32F103ZET6/Demo/libs/STM32_USB-FS-Device_Lib_V4.0.0/Libraries/CMSIS/Device/ST/STM32F10x/Source/Templates/gcc_ride7/startup_stm32f10x_hd.o
 .ARM.attributes
                0x08004569       0x1d /usr/local/arm/gcc-arm-none-eabi-5_4-2016q3/bin/../lib/gcc/arm-none-eabi/5.4.1/armv7-m/crtn.o

.preinit_array  0x08004234        0x0
                0x08004234                PROVIDE (__preinit_array_start, .)
 *(.preinit_array*)
                0x08004234                PROVIDE (__preinit_array_end, .)

.init_array     0x08004234        0x4
                0x08004234                PROVIDE (__init_array_start, .)
 *(SORT(.init_array.*))
 *(.init_array*)
 .init_array    0x08004234        0x4 /usr/local/arm/gcc-arm-none-eabi-5_4-2016q3/bin/../lib/gcc/arm-none-eabi/5.4.1/armv7-m/crtbegin.o
                0x08004238                PROVIDE (__init_array_end, .)

.fini_array     0x08004238        0x4
                [!provide]                PROVIDE (__fini_array_start, .)
 *(.fini_array*)
 .fini_array    0x08004238        0x4 /usr/local/arm/gcc-arm-none-eabi-5_4-2016q3/bin/../lib/gcc/arm-none-eabi/5.4.1/armv7-m/crtbegin.o
 *(SORT(.fini_array.*))
                [!provide]                PROVIDE (__fini_array_end, .)
                0x0800423c                _sidata = .

.data           0x20000000       0x2c load address 0x0800423c
                0x20000000                . = ALIGN (0x4)
                0x20000000                _sdata = .
 *(.data)
 .data          0x20000000       0x14 libs/STM32_USB-FS-Device_Lib_V4.0.0/Libraries/CMSIS/Device/ST/STM32F10x/Source/Templates/system_stm32f10x.o
                0x20000000                SystemCoreClock
                0x20000004                AHBPrescTable
 .data          0x20000014       0x14 libs/STM32_USB-FS-Device_Lib_V4.0.0/Libraries/STM32F10x_StdPeriph_Driver/src/stm32f10x_rcc.o
 .data          0x20000028        0x1 key/key.o
 *(.data*)
                0x2000002c                . = ALIGN (0x4)
 *fill*         0x20000029        0x3 
                0x2000002c                _edata = .

.jcr            0x2000002c        0x0 load address 0x08004268
 .jcr           0x2000002c        0x0 /usr/local/arm/gcc-arm-none-eabi-5_4-2016q3/bin/../lib/gcc/arm-none-eabi/5.4.1/armv7-m/crtbegin.o

.igot.plt       0x2000002c        0x0 load address 0x08004268
 .igot.plt      0x2000002c        0x0 /usr/local/arm/gcc-arm-none-eabi-5_4-2016q3/bin/../lib/gcc/arm-none-eabi/5.4.1/armv7-m/crtbegin.o
                0x2000002c                . = ALIGN (0x4)

.bss            0x2000002c       0x20 load address 0x08004268
                0x2000002c                _sbss = .
                0x2000002c                __bss_start__ = _sbss
 *(.bss)
 .bss           0x2000002c       0x1c /usr/local/arm/gcc-arm-none-eabi-5_4-2016q3/bin/../lib/gcc/arm-none-eabi/5.4.1/armv7-m/crtbegin.o
 .bss           0x20000048        0x4 tools/delay.o
 *(.bss*)
 *(COMMON)
                0x2000004c                . = ALIGN (0x4)
                0x2000004c                _ebss = .
                0x2000004c                __bss_end__ = _ebss
                [!provide]                PROVIDE (end, _ebss)
                [!provide]                PROVIDE (_end, _ebss)

._user_heap_stack
                0x2000004c      0x200 load address 0x08004288
                0x2000004c                . = ALIGN (0x4)
                0x2000004c                . = (. + _Min_Heap_Size)
                0x2000024c                . = (. + _Min_Stack_Size)
 *fill*         0x2000004c      0x200 
                0x2000024c                . = ALIGN (0x4)

.memory_b1_text
 *(.mb1text)
 *(.mb1text*)
 *(.mb1rodata)
 *(.mb1rodata*)

/DISCARD/
 libc.a(*)
 libm.a(*)
 libgcc.a(*)
OUTPUT(Demo.elf elf32-littlearm)

.comment        0x00000000       0x6e
 .comment       0x00000000       0x6e led/led.o
                                 0x6f (size before relaxing)
 .comment       0x0000006e       0x6f libs/STM32_USB-FS-Device_Lib_V4.0.0/Libraries/CMSIS/Device/ST/STM32F10x/Source/Templates/system_stm32f10x.o
 .comment       0x0000006e       0x6f libs/STM32_USB-FS-Device_Lib_V4.0.0/Libraries/STM32F10x_StdPeriph_Driver/src/misc.o
 .comment       0x0000006e       0x6f libs/STM32_USB-FS-Device_Lib_V4.0.0/Libraries/STM32F10x_StdPeriph_Driver/src/stm32f10x_gpio.o
 .comment       0x0000006e       0x6f libs/STM32_USB-FS-Device_Lib_V4.0.0/Libraries/STM32F10x_StdPeriph_Driver/src/stm32f10x_rcc.o
 .comment       0x0000006e       0x6f libs/STM32_USB-FS-Device_Lib_V4.0.0/Libraries/STM32F10x_StdPeriph_Driver/src/stm32f10x_tim.o
 .comment       0x0000006e       0x6f libs/STM32_USB-FS-Device_Lib_V4.0.0/Libraries/STM32F10x_StdPeriph_Driver/src/stm32f10x_usart.o
 .comment       0x0000006e       0x6f pwm/timer.o
 .comment       0x0000006e       0x6f src/stm32f10x_it.o
 .comment       0x0000006e       0x6f src/main.o
 .comment       0x0000006e       0x6f tools/delay.o
 .comment       0x0000006e       0x6f beep/beep.o
 .comment       0x0000006e       0x6f key/key.o
 .comment       0x0000006e       0x6f usart/usart.o

Cross Reference Table

Symbol                                            File
ADC1_2_IRQHandler                                 /home/tavis/ARM/ST/STM32F103ZET6/Demo/libs/STM32_USB-FS-Device_Lib_V4.0.0/Libraries/CMSIS/Device/ST/STM32F10x/Source/Templates/gcc_ride7/startup_stm32f10x_hd.o
ADC3_IRQHandler                                   /home/tavis/ARM/ST/STM32F103ZET6/Demo/libs/STM32_USB-FS-Device_Lib_V4.0.0/Libraries/CMSIS/Device/ST/STM32F10x/Source/Templates/gcc_ride7/startup_stm32f10x_hd.o
ADC_AnalogWatchdogCmd                             libs/STM32_USB-FS-Device_Lib_V4.0.0/Libraries/STM32F10x_StdPeriph_Driver/src/stm32f10x_adc.o
ADC_AnalogWatchdogSingleChannelConfig             libs/STM32_USB-FS-Device_Lib_V4.0.0/Libraries/STM32F10x_StdPeriph_Driver/src/stm32f10x_adc.o
ADC_AnalogWatchdogThresholdsConfig                libs/STM32_USB-FS-Device_Lib_V4.0.0/Libraries/STM32F10x_StdPeriph_Driver/src/stm32f10x_adc.o
ADC_AutoInjectedConvCmd                           libs/STM32_USB-FS-Device_Lib_V4.0.0/Libraries/STM32F10x_StdPeriph_Driver/src/stm32f10x_adc.o
ADC_ClearFlag                                     libs/STM32_USB-FS-Device_Lib_V4.0.0/Libraries/STM32F10x_StdPeriph_Driver/src/stm32f10x_adc.o
ADC_ClearITPendingBit                             libs/STM32_USB-FS-Device_Lib_V4.0.0/Libraries/STM32F10x_StdPeriph_Driver/src/stm32f10x_adc.o
ADC_Cmd                                           libs/STM32_USB-FS-Device_Lib_V4.0.0/Libraries/STM32F10x_StdPeriph_Driver/src/stm32f10x_adc.o
ADC_DMACmd                                        libs/STM32_USB-FS-Device_Lib_V4.0.0/Libraries/STM32F10x_StdPeriph_Driver/src/stm32f10x_adc.o
ADC_DeInit                                        libs/STM32_USB-FS-Device_Lib_V4.0.0/Libraries/STM32F10x_StdPeriph_Driver/src/stm32f10x_adc.o
ADC_DiscModeChannelCountConfig                    libs/STM32_USB-FS-Device_Lib_V4.0.0/Libraries/STM32F10x_StdPeriph_Driver/src/stm32f10x_adc.o
ADC_DiscModeCmd                                   libs/STM32_USB-FS-Device_Lib_V4.0.0/Libraries/STM32F10x_StdPeriph_Driver/src/stm32f10x_adc.o
ADC_ExternalTrigConvCmd                           libs/STM32_USB-FS-Device_Lib_V4.0.0/Libraries/STM32F10x_StdPeriph_Driver/src/stm32f10x_adc.o
ADC_ExternalTrigInjectedConvCmd                   libs/STM32_USB-FS-Device_Lib_V4.0.0/Libraries/STM32F10x_StdPeriph_Driver/src/stm32f10x_adc.o
ADC_ExternalTrigInjectedConvConfig                libs/STM32_USB-FS-Device_Lib_V4.0.0/Libraries/STM32F10x_StdPeriph_Driver/src/stm32f10x_adc.o
ADC_GetCalibrationStatus                          libs/STM32_USB-FS-Device_Lib_V4.0.0/Libraries/STM32F10x_StdPeriph_Driver/src/stm32f10x_adc.o
ADC_GetConversionValue                            libs/STM32_USB-FS-Device_Lib_V4.0.0/Libraries/STM32F10x_StdPeriph_Driver/src/stm32f10x_adc.o
ADC_GetDualModeConversionValue                    libs/STM32_USB-FS-Device_Lib_V4.0.0/Libraries/STM32F10x_StdPeriph_Driver/src/stm32f10x_adc.o
ADC_GetFlagStatus                                 libs/STM32_USB-FS-Device_Lib_V4.0.0/Libraries/STM32F10x_StdPeriph_Driver/src/stm32f10x_adc.o
ADC_GetITStatus                                   libs/STM32_USB-FS-Device_Lib_V4.0.0/Libraries/STM32F10x_StdPeriph_Driver/src/stm32f10x_adc.o
ADC_GetInjectedConversionValue                    libs/STM32_USB-FS-Device_Lib_V4.0.0/Libraries/STM32F10x_StdPeriph_Driver/src/stm32f10x_adc.o
ADC_GetResetCalibrationStatus                     libs/STM32_USB-FS-Device_Lib_V4.0.0/Libraries/STM32F10x_StdPeriph_Driver/src/stm32f10x_adc.o
ADC_GetSoftwareStartConvStatus                    libs/STM32_USB-FS-Device_Lib_V4.0.0/Libraries/STM32F10x_StdPeriph_Driver/src/stm32f10x_adc.o
ADC_GetSoftwareStartInjectedConvCmdStatus         libs/STM32_USB-FS-Device_Lib_V4.0.0/Libraries/STM32F10x_StdPeriph_Driver/src/stm32f10x_adc.o
ADC_ITConfig                                      libs/STM32_USB-FS-Device_Lib_V4.0.0/Libraries/STM32F10x_StdPeriph_Driver/src/stm32f10x_adc.o
ADC_Init                                          libs/STM32_USB-FS-Device_Lib_V4.0.0/Libraries/STM32F10x_StdPeriph_Driver/src/stm32f10x_adc.o
ADC_InjectedChannelConfig                         libs/STM32_USB-FS-Device_Lib_V4.0.0/Libraries/STM32F10x_StdPeriph_Driver/src/stm32f10x_adc.o
ADC_InjectedDiscModeCmd                           libs/STM32_USB-FS-Device_Lib_V4.0.0/Libraries/STM32F10x_StdPeriph_Driver/src/stm32f10x_adc.o
ADC_InjectedSequencerLengthConfig                 libs/STM32_USB-FS-Device_Lib_V4.0.0/Libraries/STM32F10x_StdPeriph_Driver/src/stm32f10x_adc.o
ADC_RegularChannelConfig                          libs/STM32_USB-FS-Device_Lib_V4.0.0/Libraries/STM32F10x_StdPeriph_Driver/src/stm32f10x_adc.o
ADC_ResetCalibration                              libs/STM32_USB-FS-Device_Lib_V4.0.0/Libraries/STM32F10x_StdPeriph_Driver/src/stm32f10x_adc.o
ADC_SetInjectedOffset                             libs/STM32_USB-FS-Device_Lib_V4.0.0/Libraries/STM32F10x_StdPeriph_Driver/src/stm32f10x_adc.o
ADC_SoftwareStartConvCmd                          libs/STM32_USB-FS-Device_Lib_V4.0.0/Libraries/STM32F10x_StdPeriph_Driver/src/stm32f10x_adc.o
ADC_SoftwareStartInjectedConvCmd                  libs/STM32_USB-FS-Device_Lib_V4.0.0/Libraries/STM32F10x_StdPeriph_Driver/src/stm32f10x_adc.o
ADC_StartCalibration                              libs/STM32_USB-FS-Device_Lib_V4.0.0/Libraries/STM32F10x_StdPeriph_Driver/src/stm32f10x_adc.o
ADC_StructInit                                    libs/STM32_USB-FS-Device_Lib_V4.0.0/Libraries/STM32F10x_StdPeriph_Driver/src/stm32f10x_adc.o
ADC_TempSensorVrefintCmd                          libs/STM32_USB-FS-Device_Lib_V4.0.0/Libraries/STM32F10x_StdPeriph_Driver/src/stm32f10x_adc.o
AHBPrescTable                                     libs/STM32_USB-FS-Device_Lib_V4.0.0/Libraries/CMSIS/Device/ST/STM32F10x/Source/Templates/system_stm32f10x.o
BKP_ClearFlag                                     libs/STM32_USB-FS-Device_Lib_V4.0.0/Libraries/STM32F10x_StdPeriph_Driver/src/stm32f10x_bkp.o
BKP_ClearITPendingBit                             libs/STM32_USB-FS-Device_Lib_V4.0.0/Libraries/STM32F10x_StdPeriph_Driver/src/stm32f10x_bkp.o
BKP_DeInit                                        libs/STM32_USB-FS-Device_Lib_V4.0.0/Libraries/STM32F10x_StdPeriph_Driver/src/stm32f10x_bkp.o
BKP_GetFlagStatus                                 libs/STM32_USB-FS-Device_Lib_V4.0.0/Libraries/STM32F10x_StdPeriph_Driver/src/stm32f10x_bkp.o
BKP_GetITStatus                                   libs/STM32_USB-FS-Device_Lib_V4.0.0/Libraries/STM32F10x_StdPeriph_Driver/src/stm32f10x_bkp.o
BKP_ITConfig                                      libs/STM32_USB-FS-Device_Lib_V4.0.0/Libraries/STM32F10x_StdPeriph_Driver/src/stm32f10x_bkp.o
BKP_RTCOutputConfig                               libs/STM32_USB-FS-Device_Lib_V4.0.0/Libraries/STM32F10x_StdPeriph_Driver/src/stm32f10x_bkp.o
BKP_ReadBackupRegister                            libs/STM32_USB-FS-Device_Lib_V4.0.0/Libraries/STM32F10x_StdPeriph_Driver/src/stm32f10x_bkp.o
BKP_SetRTCCalibrationValue                        libs/STM32_USB-FS-Device_Lib_V4.0.0/Libraries/STM32F10x_StdPeriph_Driver/src/stm32f10x_bkp.o
BKP_TamperPinCmd                                  libs/STM32_USB-FS-Device_Lib_V4.0.0/Libraries/STM32F10x_StdPeriph_Driver/src/stm32f10x_bkp.o
BKP_TamperPinLevelConfig                          libs/STM32_USB-FS-Device_Lib_V4.0.0/Libraries/STM32F10x_StdPeriph_Driver/src/stm32f10x_bkp.o
BKP_WriteBackupRegister                           libs/STM32_USB-FS-Device_Lib_V4.0.0/Libraries/STM32F10x_StdPeriph_Driver/src/stm32f10x_bkp.o
Beep                                              src/main.o
Beep_Init                                         beep/beep.o
                                                  src/main.o
BusFault_Handler                                  src/stm32f10x_it.o
CAN1_RX1_IRQHandler                               /home/tavis/ARM/ST/STM32F103ZET6/Demo/libs/STM32_USB-FS-Device_Lib_V4.0.0/Libraries/CMSIS/Device/ST/STM32F10x/Source/Templates/gcc_ride7/startup_stm32f10x_hd.o
CAN1_SCE_IRQHandler                               /home/tavis/ARM/ST/STM32F103ZET6/Demo/libs/STM32_USB-FS-Device_Lib_V4.0.0/Libraries/CMSIS/Device/ST/STM32F10x/Source/Templates/gcc_ride7/startup_stm32f10x_hd.o
CAN_CancelTransmit                                libs/STM32_USB-FS-Device_Lib_V4.0.0/Libraries/STM32F10x_StdPeriph_Driver/src/stm32f10x_can.o
CAN_ClearFlag                                     libs/STM32_USB-FS-Device_Lib_V4.0.0/Libraries/STM32F10x_StdPeriph_Driver/src/stm32f10x_can.o
CAN_ClearITPendingBit                             libs/STM32_USB-FS-Device_Lib_V4.0.0/Libraries/STM32F10x_StdPeriph_Driver/src/stm32f10x_can.o
CAN_DBGFreeze                                     libs/STM32_USB-FS-Device_Lib_V4.0.0/Libraries/STM32F10x_StdPeriph_Driver/src/stm32f10x_can.o
CAN_DeInit                                        libs/STM32_USB-FS-Device_Lib_V4.0.0/Libraries/STM32F10x_StdPeriph_Driver/src/stm32f10x_can.o
CAN_FIFORelease                                   libs/STM32_USB-FS-Device_Lib_V4.0.0/Libraries/STM32F10x_StdPeriph_Driver/src/stm32f10x_can.o
CAN_FilterInit                                    libs/STM32_USB-FS-Device_Lib_V4.0.0/Libraries/STM32F10x_StdPeriph_Driver/src/stm32f10x_can.o
CAN_GetFlagStatus                                 libs/STM32_USB-FS-Device_Lib_V4.0.0/Libraries/STM32F10x_StdPeriph_Driver/src/stm32f10x_can.o
CAN_GetITStatus                                   libs/STM32_USB-FS-Device_Lib_V4.0.0/Libraries/STM32F10x_StdPeriph_Driver/src/stm32f10x_can.o
CAN_GetLSBTransmitErrorCounter                    libs/STM32_USB-FS-Device_Lib_V4.0.0/Libraries/STM32F10x_StdPeriph_Driver/src/stm32f10x_can.o
CAN_GetLastErrorCode                              libs/STM32_USB-FS-Device_Lib_V4.0.0/Libraries/STM32F10x_StdPeriph_Driver/src/stm32f10x_can.o
CAN_GetReceiveErrorCounter                        libs/STM32_USB-FS-Device_Lib_V4.0.0/Libraries/STM32F10x_StdPeriph_Driver/src/stm32f10x_can.o
CAN_ITConfig                                      libs/STM32_USB-FS-Device_Lib_V4.0.0/Libraries/STM32F10x_StdPeriph_Driver/src/stm32f10x_can.o
CAN_Init                                          libs/STM32_USB-FS-Device_Lib_V4.0.0/Libraries/STM32F10x_StdPeriph_Driver/src/stm32f10x_can.o
CAN_MessagePending                                libs/STM32_USB-FS-Device_Lib_V4.0.0/Libraries/STM32F10x_StdPeriph_Driver/src/stm32f10x_can.o
CAN_OperatingModeRequest                          libs/STM32_USB-FS-Device_Lib_V4.0.0/Libraries/STM32F10x_StdPeriph_Driver/src/stm32f10x_can.o
CAN_Receive                                       libs/STM32_USB-FS-Device_Lib_V4.0.0/Libraries/STM32F10x_StdPeriph_Driver/src/stm32f10x_can.o
CAN_SlaveStartBank                                libs/STM32_USB-FS-Device_Lib_V4.0.0/Libraries/STM32F10x_StdPeriph_Driver/src/stm32f10x_can.o
CAN_Sleep                                         libs/STM32_USB-FS-Device_Lib_V4.0.0/Libraries/STM32F10x_StdPeriph_Driver/src/stm32f10x_can.o
CAN_StructInit                                    libs/STM32_USB-FS-Device_Lib_V4.0.0/Libraries/STM32F10x_StdPeriph_Driver/src/stm32f10x_can.o
CAN_TTComModeCmd                                  libs/STM32_USB-FS-Device_Lib_V4.0.0/Libraries/STM32F10x_StdPeriph_Driver/src/stm32f10x_can.o
CAN_Transmit                                      libs/STM32_USB-FS-Device_Lib_V4.0.0/Libraries/STM32F10x_StdPeriph_Driver/src/stm32f10x_can.o
CAN_TransmitStatus                                libs/STM32_USB-FS-Device_Lib_V4.0.0/Libraries/STM32F10x_StdPeriph_Driver/src/stm32f10x_can.o
CAN_WakeUp                                        libs/STM32_USB-FS-Device_Lib_V4.0.0/Libraries/STM32F10x_StdPeriph_Driver/src/stm32f10x_can.o
CEC_ClearFlag                                     libs/STM32_USB-FS-Device_Lib_V4.0.0/Libraries/STM32F10x_StdPeriph_Driver/src/stm32f10x_cec.o
CEC_ClearITPendingBit                             libs/STM32_USB-FS-Device_Lib_V4.0.0/Libraries/STM32F10x_StdPeriph_Driver/src/stm32f10x_cec.o
CEC_Cmd                                           libs/STM32_USB-FS-Device_Lib_V4.0.0/Libraries/STM32F10x_StdPeriph_Driver/src/stm32f10x_cec.o
CEC_DeInit                                        libs/STM32_USB-FS-Device_Lib_V4.0.0/Libraries/STM32F10x_StdPeriph_Driver/src/stm32f10x_cec.o
CEC_EndOfMessageCmd                               libs/STM32_USB-FS-Device_Lib_V4.0.0/Libraries/STM32F10x_StdPeriph_Driver/src/stm32f10x_cec.o
CEC_GetFlagStatus                                 libs/STM32_USB-FS-Device_Lib_V4.0.0/Libraries/STM32F10x_StdPeriph_Driver/src/stm32f10x_cec.o
CEC_GetITStatus                                   libs/STM32_USB-FS-Device_Lib_V4.0.0/Libraries/STM32F10x_StdPeriph_Driver/src/stm32f10x_cec.o
CEC_ITConfig                                      libs/STM32_USB-FS-Device_Lib_V4.0.0/Libraries/STM32F10x_StdPeriph_Driver/src/stm32f10x_cec.o
CEC_Init                                          libs/STM32_USB-FS-Device_Lib_V4.0.0/Libraries/STM32F10x_StdPeriph_Driver/src/stm32f10x_cec.o
CEC_OwnAddressConfig                              libs/STM32_USB-FS-Device_Lib_V4.0.0/Libraries/STM32F10x_StdPeriph_Driver/src/stm32f10x_cec.o
CEC_ReceiveDataByte                               libs/STM32_USB-FS-Device_Lib_V4.0.0/Libraries/STM32F10x_StdPeriph_Driver/src/stm32f10x_cec.o
CEC_SendDataByte                                  libs/STM32_USB-FS-Device_Lib_V4.0.0/Libraries/STM32F10x_StdPeriph_Driver/src/stm32f10x_cec.o
CEC_SetPrescaler                                  libs/STM32_USB-FS-Device_Lib_V4.0.0/Libraries/STM32F10x_StdPeriph_Driver/src/stm32f10x_cec.o
CEC_StartOfMessage                                libs/STM32_USB-FS-Device_Lib_V4.0.0/Libraries/STM32F10x_StdPeriph_Driver/src/stm32f10x_cec.o
CRC_CalcBlockCRC                                  libs/STM32_USB-FS-Device_Lib_V4.0.0/Libraries/STM32F10x_StdPeriph_Driver/src/stm32f10x_crc.o
CRC_CalcCRC                                       libs/STM32_USB-FS-Device_Lib_V4.0.0/Libraries/STM32F10x_StdPeriph_Driver/src/stm32f10x_crc.o
CRC_GetCRC                                        libs/STM32_USB-FS-Device_Lib_V4.0.0/Libraries/STM32F10x_StdPeriph_Driver/src/stm32f10x_crc.o
CRC_GetIDRegister                                 libs/STM32_USB-FS-Device_Lib_V4.0.0/Libraries/STM32F10x_StdPeriph_Driver/src/stm32f10x_crc.o
CRC_ResetDR                                       libs/STM32_USB-FS-Device_Lib_V4.0.0/Libraries/STM32F10x_StdPeriph_Driver/src/stm32f10x_crc.o
CRC_SetIDRegister                                 libs/STM32_USB-FS-Device_Lib_V4.0.0/Libraries/STM32F10x_StdPeriph_Driver/src/stm32f10x_crc.o
DAC_Cmd                                           libs/STM32_USB-FS-Device_Lib_V4.0.0/Libraries/STM32F10x_StdPeriph_Driver/src/stm32f10x_dac.o
DAC_DMACmd                                        libs/STM32_USB-FS-Device_Lib_V4.0.0/Libraries/STM32F10x_StdPeriph_Driver/src/stm32f10x_dac.o
DAC_DeInit                                        libs/STM32_USB-FS-Device_Lib_V4.0.0/Libraries/STM32F10x_StdPeriph_Driver/src/stm32f10x_dac.o
DAC_DualSoftwareTriggerCmd                        libs/STM32_USB-FS-Device_Lib_V4.0.0/Libraries/STM32F10x_StdPeriph_Driver/src/stm32f10x_dac.o
DAC_GetDataOutputValue                            libs/STM32_USB-FS-Device_Lib_V4.0.0/Libraries/STM32F10x_StdPeriph_Driver/src/stm32f10x_dac.o
DAC_Init                                          libs/STM32_USB-FS-Device_Lib_V4.0.0/Libraries/STM32F10x_StdPeriph_Driver/src/stm32f10x_dac.o
DAC_SetChannel1Data                               libs/STM32_USB-FS-Device_Lib_V4.0.0/Libraries/STM32F10x_StdPeriph_Driver/src/stm32f10x_dac.o
DAC_SetChannel2Data                               libs/STM32_USB-FS-Device_Lib_V4.0.0/Libraries/STM32F10x_StdPeriph_Driver/src/stm32f10x_dac.o
DAC_SetDualChannelData                            libs/STM32_USB-FS-Device_Lib_V4.0.0/Libraries/STM32F10x_StdPeriph_Driver/src/stm32f10x_dac.o
DAC_SoftwareTriggerCmd                            libs/STM32_USB-FS-Device_Lib_V4.0.0/Libraries/STM32F10x_StdPeriph_Driver/src/stm32f10x_dac.o
DAC_StructInit                                    libs/STM32_USB-FS-Device_Lib_V4.0.0/Libraries/STM32F10x_StdPeriph_Driver/src/stm32f10x_dac.o
DAC_WaveGenerationCmd                             libs/STM32_USB-FS-Device_Lib_V4.0.0/Libraries/STM32F10x_StdPeriph_Driver/src/stm32f10x_dac.o
DBGMCU_Config                                     libs/STM32_USB-FS-Device_Lib_V4.0.0/Libraries/STM32F10x_StdPeriph_Driver/src/stm32f10x_dbgmcu.o
DBGMCU_GetDEVID                                   libs/STM32_USB-FS-Device_Lib_V4.0.0/Libraries/STM32F10x_StdPeriph_Driver/src/stm32f10x_dbgmcu.o
DBGMCU_GetREVID                                   libs/STM32_USB-FS-Device_Lib_V4.0.0/Libraries/STM32F10x_StdPeriph_Driver/src/stm32f10x_dbgmcu.o
DMA1_Channel1_IRQHandler                          /home/tavis/ARM/ST/STM32F103ZET6/Demo/libs/STM32_USB-FS-Device_Lib_V4.0.0/Libraries/CMSIS/Device/ST/STM32F10x/Source/Templates/gcc_ride7/startup_stm32f10x_hd.o
DMA1_Channel2_IRQHandler                          /home/tavis/ARM/ST/STM32F103ZET6/Demo/libs/STM32_USB-FS-Device_Lib_V4.0.0/Libraries/CMSIS/Device/ST/STM32F10x/Source/Templates/gcc_ride7/startup_stm32f10x_hd.o
DMA1_Channel3_IRQHandler                          /home/tavis/ARM/ST/STM32F103ZET6/Demo/libs/STM32_USB-FS-Device_Lib_V4.0.0/Libraries/CMSIS/Device/ST/STM32F10x/Source/Templates/gcc_ride7/startup_stm32f10x_hd.o
DMA1_Channel4_IRQHandler                          /home/tavis/ARM/ST/STM32F103ZET6/Demo/libs/STM32_USB-FS-Device_Lib_V4.0.0/Libraries/CMSIS/Device/ST/STM32F10x/Source/Templates/gcc_ride7/startup_stm32f10x_hd.o
DMA1_Channel5_IRQHandler                          /home/tavis/ARM/ST/STM32F103ZET6/Demo/libs/STM32_USB-FS-Device_Lib_V4.0.0/Libraries/CMSIS/Device/ST/STM32F10x/Source/Templates/gcc_ride7/startup_stm32f10x_hd.o
DMA1_Channel6_IRQHandler                          /home/tavis/ARM/ST/STM32F103ZET6/Demo/libs/STM32_USB-FS-Device_Lib_V4.0.0/Libraries/CMSIS/Device/ST/STM32F10x/Source/Templates/gcc_ride7/startup_stm32f10x_hd.o
DMA1_Channel7_IRQHandler                          /home/tavis/ARM/ST/STM32F103ZET6/Demo/libs/STM32_USB-FS-Device_Lib_V4.0.0/Libraries/CMSIS/Device/ST/STM32F10x/Source/Templates/gcc_ride7/startup_stm32f10x_hd.o
DMA2_Channel1_IRQHandler                          /home/tavis/ARM/ST/STM32F103ZET6/Demo/libs/STM32_USB-FS-Device_Lib_V4.0.0/Libraries/CMSIS/Device/ST/STM32F10x/Source/Templates/gcc_ride7/startup_stm32f10x_hd.o
DMA2_Channel2_IRQHandler                          /home/tavis/ARM/ST/STM32F103ZET6/Demo/libs/STM32_USB-FS-Device_Lib_V4.0.0/Libraries/CMSIS/Device/ST/STM32F10x/Source/Templates/gcc_ride7/startup_stm32f10x_hd.o
DMA2_Channel3_IRQHandler                          /home/tavis/ARM/ST/STM32F103ZET6/Demo/libs/STM32_USB-FS-Device_Lib_V4.0.0/Libraries/CMSIS/Device/ST/STM32F10x/Source/Templates/gcc_ride7/startup_stm32f10x_hd.o
DMA2_Channel4_5_IRQHandler                        /home/tavis/ARM/ST/STM32F103ZET6/Demo/libs/STM32_USB-FS-Device_Lib_V4.0.0/Libraries/CMSIS/Device/ST/STM32F10x/Source/Templates/gcc_ride7/startup_stm32f10x_hd.o
DMA_ClearFlag                                     libs/STM32_USB-FS-Device_Lib_V4.0.0/Libraries/STM32F10x_StdPeriph_Driver/src/stm32f10x_dma.o
DMA_ClearITPendingBit                             libs/STM32_USB-FS-Device_Lib_V4.0.0/Libraries/STM32F10x_StdPeriph_Driver/src/stm32f10x_dma.o
DMA_Cmd                                           libs/STM32_USB-FS-Device_Lib_V4.0.0/Libraries/STM32F10x_StdPeriph_Driver/src/stm32f10x_dma.o
DMA_DeInit                                        libs/STM32_USB-FS-Device_Lib_V4.0.0/Libraries/STM32F10x_StdPeriph_Driver/src/stm32f10x_dma.o
DMA_GetCurrDataCounter                            libs/STM32_USB-FS-Device_Lib_V4.0.0/Libraries/STM32F10x_StdPeriph_Driver/src/stm32f10x_dma.o
DMA_GetFlagStatus                                 libs/STM32_USB-FS-Device_Lib_V4.0.0/Libraries/STM32F10x_StdPeriph_Driver/src/stm32f10x_dma.o
DMA_GetITStatus                                   libs/STM32_USB-FS-Device_Lib_V4.0.0/Libraries/STM32F10x_StdPeriph_Driver/src/stm32f10x_dma.o
DMA_ITConfig                                      libs/STM32_USB-FS-Device_Lib_V4.0.0/Libraries/STM32F10x_StdPeriph_Driver/src/stm32f10x_dma.o
DMA_Init                                          libs/STM32_USB-FS-Device_Lib_V4.0.0/Libraries/STM32F10x_StdPeriph_Driver/src/stm32f10x_dma.o
DMA_SetCurrDataCounter                            libs/STM32_USB-FS-Device_Lib_V4.0.0/Libraries/STM32F10x_StdPeriph_Driver/src/stm32f10x_dma.o
DMA_StructInit                                    libs/STM32_USB-FS-Device_Lib_V4.0.0/Libraries/STM32F10x_StdPeriph_Driver/src/stm32f10x_dma.o
DebugMon_Handler                                  src/stm32f10x_it.o
Default_Handler                                   /home/tavis/ARM/ST/STM32F103ZET6/Demo/libs/STM32_USB-FS-Device_Lib_V4.0.0/Libraries/CMSIS/Device/ST/STM32F10x/Source/Templates/gcc_ride7/startup_stm32f10x_hd.o
EXTI0_IRQHandler                                  /home/tavis/ARM/ST/STM32F103ZET6/Demo/libs/STM32_USB-FS-Device_Lib_V4.0.0/Libraries/CMSIS/Device/ST/STM32F10x/Source/Templates/gcc_ride7/startup_stm32f10x_hd.o
EXTI15_10_IRQHandler                              /home/tavis/ARM/ST/STM32F103ZET6/Demo/libs/STM32_USB-FS-Device_Lib_V4.0.0/Libraries/CMSIS/Device/ST/STM32F10x/Source/Templates/gcc_ride7/startup_stm32f10x_hd.o
EXTI1_IRQHandler                                  /home/tavis/ARM/ST/STM32F103ZET6/Demo/libs/STM32_USB-FS-Device_Lib_V4.0.0/Libraries/CMSIS/Device/ST/STM32F10x/Source/Templates/gcc_ride7/startup_stm32f10x_hd.o
EXTI2_IRQHandler                                  /home/tavis/ARM/ST/STM32F103ZET6/Demo/libs/STM32_USB-FS-Device_Lib_V4.0.0/Libraries/CMSIS/Device/ST/STM32F10x/Source/Templates/gcc_ride7/startup_stm32f10x_hd.o
EXTI3_IRQHandler                                  /home/tavis/ARM/ST/STM32F103ZET6/Demo/libs/STM32_USB-FS-Device_Lib_V4.0.0/Libraries/CMSIS/Device/ST/STM32F10x/Source/Templates/gcc_ride7/startup_stm32f10x_hd.o
EXTI4_IRQHandler                                  /home/tavis/ARM/ST/STM32F103ZET6/Demo/libs/STM32_USB-FS-Device_Lib_V4.0.0/Libraries/CMSIS/Device/ST/STM32F10x/Source/Templates/gcc_ride7/startup_stm32f10x_hd.o
EXTI9_5_IRQHandler                                /home/tavis/ARM/ST/STM32F103ZET6/Demo/libs/STM32_USB-FS-Device_Lib_V4.0.0/Libraries/CMSIS/Device/ST/STM32F10x/Source/Templates/gcc_ride7/startup_stm32f10x_hd.o
EXTI_ClearFlag                                    libs/STM32_USB-FS-Device_Lib_V4.0.0/Libraries/STM32F10x_StdPeriph_Driver/src/stm32f10x_exti.o
EXTI_ClearITPendingBit                            libs/STM32_USB-FS-Device_Lib_V4.0.0/Libraries/STM32F10x_StdPeriph_Driver/src/stm32f10x_exti.o
EXTI_DeInit                                       libs/STM32_USB-FS-Device_Lib_V4.0.0/Libraries/STM32F10x_StdPeriph_Driver/src/stm32f10x_exti.o
EXTI_GenerateSWInterrupt                          libs/STM32_USB-FS-Device_Lib_V4.0.0/Libraries/STM32F10x_StdPeriph_Driver/src/stm32f10x_exti.o
EXTI_GetFlagStatus                                libs/STM32_USB-FS-Device_Lib_V4.0.0/Libraries/STM32F10x_StdPeriph_Driver/src/stm32f10x_exti.o
EXTI_GetITStatus                                  libs/STM32_USB-FS-Device_Lib_V4.0.0/Libraries/STM32F10x_StdPeriph_Driver/src/stm32f10x_exti.o
EXTI_Init                                         libs/STM32_USB-FS-Device_Lib_V4.0.0/Libraries/STM32F10x_StdPeriph_Driver/src/stm32f10x_exti.o
EXTI_StructInit                                   libs/STM32_USB-FS-Device_Lib_V4.0.0/Libraries/STM32F10x_StdPeriph_Driver/src/stm32f10x_exti.o
FLASH_ClearFlag                                   libs/STM32_USB-FS-Device_Lib_V4.0.0/Libraries/STM32F10x_StdPeriph_Driver/src/stm32f10x_flash.o
FLASH_EnableWriteProtection                       libs/STM32_USB-FS-Device_Lib_V4.0.0/Libraries/STM32F10x_StdPeriph_Driver/src/stm32f10x_flash.o
FLASH_EraseAllBank1Pages                          libs/STM32_USB-FS-Device_Lib_V4.0.0/Libraries/STM32F10x_StdPeriph_Driver/src/stm32f10x_flash.o
FLASH_EraseAllPages                               libs/STM32_USB-FS-Device_Lib_V4.0.0/Libraries/STM32F10x_StdPeriph_Driver/src/stm32f10x_flash.o
FLASH_EraseOptionBytes                            libs/STM32_USB-FS-Device_Lib_V4.0.0/Libraries/STM32F10x_StdPeriph_Driver/src/stm32f10x_flash.o
FLASH_ErasePage                                   libs/STM32_USB-FS-Device_Lib_V4.0.0/Libraries/STM32F10x_StdPeriph_Driver/src/stm32f10x_flash.o
FLASH_GetBank1Status                              libs/STM32_USB-FS-Device_Lib_V4.0.0/Libraries/STM32F10x_StdPeriph_Driver/src/stm32f10x_flash.o
FLASH_GetFlagStatus                               libs/STM32_USB-FS-Device_Lib_V4.0.0/Libraries/STM32F10x_StdPeriph_Driver/src/stm32f10x_flash.o
FLASH_GetPrefetchBufferStatus                     libs/STM32_USB-FS-Device_Lib_V4.0.0/Libraries/STM32F10x_StdPeriph_Driver/src/stm32f10x_flash.o
FLASH_GetReadOutProtectionStatus                  libs/STM32_USB-FS-Device_Lib_V4.0.0/Libraries/STM32F10x_StdPeriph_Driver/src/stm32f10x_flash.o
FLASH_GetStatus                                   libs/STM32_USB-FS-Device_Lib_V4.0.0/Libraries/STM32F10x_StdPeriph_Driver/src/stm32f10x_flash.o
FLASH_GetUserOptionByte                           libs/STM32_USB-FS-Device_Lib_V4.0.0/Libraries/STM32F10x_StdPeriph_Driver/src/stm32f10x_flash.o
FLASH_GetWriteProtectionOptionByte                libs/STM32_USB-FS-Device_Lib_V4.0.0/Libraries/STM32F10x_StdPeriph_Driver/src/stm32f10x_flash.o
FLASH_HalfCycleAccessCmd                          libs/STM32_USB-FS-Device_Lib_V4.0.0/Libraries/STM32F10x_StdPeriph_Driver/src/stm32f10x_flash.o
FLASH_IRQHandler                                  /home/tavis/ARM/ST/STM32F103ZET6/Demo/libs/STM32_USB-FS-Device_Lib_V4.0.0/Libraries/CMSIS/Device/ST/STM32F10x/Source/Templates/gcc_ride7/startup_stm32f10x_hd.o
FLASH_ITConfig                                    libs/STM32_USB-FS-Device_Lib_V4.0.0/Libraries/STM32F10x_StdPeriph_Driver/src/stm32f10x_flash.o
FLASH_Lock                                        libs/STM32_USB-FS-Device_Lib_V4.0.0/Libraries/STM32F10x_StdPeriph_Driver/src/stm32f10x_flash.o
FLASH_LockBank1                                   libs/STM32_USB-FS-Device_Lib_V4.0.0/Libraries/STM32F10x_StdPeriph_Driver/src/stm32f10x_flash.o
FLASH_PrefetchBufferCmd                           libs/STM32_USB-FS-Device_Lib_V4.0.0/Libraries/STM32F10x_StdPeriph_Driver/src/stm32f10x_flash.o
FLASH_ProgramHalfWord                             libs/STM32_USB-FS-Device_Lib_V4.0.0/Libraries/STM32F10x_StdPeriph_Driver/src/stm32f10x_flash.o
FLASH_ProgramOptionByteData                       libs/STM32_USB-FS-Device_Lib_V4.0.0/Libraries/STM32F10x_StdPeriph_Driver/src/stm32f10x_flash.o
FLASH_ProgramWord                                 libs/STM32_USB-FS-Device_Lib_V4.0.0/Libraries/STM32F10x_StdPeriph_Driver/src/stm32f10x_flash.o
FLASH_ReadOutProtection                           libs/STM32_USB-FS-Device_Lib_V4.0.0/Libraries/STM32F10x_StdPeriph_Driver/src/stm32f10x_flash.o
FLASH_SetLatency                                  libs/STM32_USB-FS-Device_Lib_V4.0.0/Libraries/STM32F10x_StdPeriph_Driver/src/stm32f10x_flash.o
FLASH_Unlock                                      libs/STM32_USB-FS-Device_Lib_V4.0.0/Libraries/STM32F10x_StdPeriph_Driver/src/stm32f10x_flash.o
FLASH_UnlockBank1                                 libs/STM32_USB-FS-Device_Lib_V4.0.0/Libraries/STM32F10x_StdPeriph_Driver/src/stm32f10x_flash.o
FLASH_UserOptionByteConfig                        libs/STM32_USB-FS-Device_Lib_V4.0.0/Libraries/STM32F10x_StdPeriph_Driver/src/stm32f10x_flash.o
FLASH_WaitForLastBank1Operation                   libs/STM32_USB-FS-Device_Lib_V4.0.0/Libraries/STM32F10x_StdPeriph_Driver/src/stm32f10x_flash.o
FLASH_WaitForLastOperation                        libs/STM32_USB-FS-Device_Lib_V4.0.0/Libraries/STM32F10x_StdPeriph_Driver/src/stm32f10x_flash.o
FSMC_ClearFlag                                    libs/STM32_USB-FS-Device_Lib_V4.0.0/Libraries/STM32F10x_StdPeriph_Driver/src/stm32f10x_fsmc.o
FSMC_ClearITPendingBit                            libs/STM32_USB-FS-Device_Lib_V4.0.0/Libraries/STM32F10x_StdPeriph_Driver/src/stm32f10x_fsmc.o
FSMC_GetECC                                       libs/STM32_USB-FS-Device_Lib_V4.0.0/Libraries/STM32F10x_StdPeriph_Driver/src/stm32f10x_fsmc.o
FSMC_GetFlagStatus                                libs/STM32_USB-FS-Device_Lib_V4.0.0/Libraries/STM32F10x_StdPeriph_Driver/src/stm32f10x_fsmc.o
FSMC_GetITStatus                                  libs/STM32_USB-FS-Device_Lib_V4.0.0/Libraries/STM32F10x_StdPeriph_Driver/src/stm32f10x_fsmc.o
FSMC_IRQHandler                                   /home/tavis/ARM/ST/STM32F103ZET6/Demo/libs/STM32_USB-FS-Device_Lib_V4.0.0/Libraries/CMSIS/Device/ST/STM32F10x/Source/Templates/gcc_ride7/startup_stm32f10x_hd.o
FSMC_ITConfig                                     libs/STM32_USB-FS-Device_Lib_V4.0.0/Libraries/STM32F10x_StdPeriph_Driver/src/stm32f10x_fsmc.o
FSMC_NANDCmd                                      libs/STM32_USB-FS-Device_Lib_V4.0.0/Libraries/STM32F10x_StdPeriph_Driver/src/stm32f10x_fsmc.o
FSMC_NANDDeInit                                   libs/STM32_USB-FS-Device_Lib_V4.0.0/Libraries/STM32F10x_StdPeriph_Driver/src/stm32f10x_fsmc.o
FSMC_NANDECCCmd                                   libs/STM32_USB-FS-Device_Lib_V4.0.0/Libraries/STM32F10x_StdPeriph_Driver/src/stm32f10x_fsmc.o
FSMC_NANDInit                                     libs/STM32_USB-FS-Device_Lib_V4.0.0/Libraries/STM32F10x_StdPeriph_Driver/src/stm32f10x_fsmc.o
FSMC_NANDStructInit                               libs/STM32_USB-FS-Device_Lib_V4.0.0/Libraries/STM32F10x_StdPeriph_Driver/src/stm32f10x_fsmc.o
FSMC_NORSRAMCmd                                   libs/STM32_USB-FS-Device_Lib_V4.0.0/Libraries/STM32F10x_StdPeriph_Driver/src/stm32f10x_fsmc.o
FSMC_NORSRAMDeInit                                libs/STM32_USB-FS-Device_Lib_V4.0.0/Libraries/STM32F10x_StdPeriph_Driver/src/stm32f10x_fsmc.o
FSMC_NORSRAMInit                                  libs/STM32_USB-FS-Device_Lib_V4.0.0/Libraries/STM32F10x_StdPeriph_Driver/src/stm32f10x_fsmc.o
FSMC_NORSRAMStructInit                            libs/STM32_USB-FS-Device_Lib_V4.0.0/Libraries/STM32F10x_StdPeriph_Driver/src/stm32f10x_fsmc.o
FSMC_PCCARDCmd                                    libs/STM32_USB-FS-Device_Lib_V4.0.0/Libraries/STM32F10x_StdPeriph_Driver/src/stm32f10x_fsmc.o
FSMC_PCCARDDeInit                                 libs/STM32_USB-FS-Device_Lib_V4.0.0/Libraries/STM32F10x_StdPeriph_Driver/src/stm32f10x_fsmc.o
FSMC_PCCARDInit                                   libs/STM32_USB-FS-Device_Lib_V4.0.0/Libraries/STM32F10x_StdPeriph_Driver/src/stm32f10x_fsmc.o
FSMC_PCCARDStructInit                             libs/STM32_USB-FS-Device_Lib_V4.0.0/Libraries/STM32F10x_StdPeriph_Driver/src/stm32f10x_fsmc.o
GPIO_AFIODeInit                                   libs/STM32_USB-FS-Device_Lib_V4.0.0/Libraries/STM32F10x_StdPeriph_Driver/src/stm32f10x_gpio.o
GPIO_DeInit                                       libs/STM32_USB-FS-Device_Lib_V4.0.0/Libraries/STM32F10x_StdPeriph_Driver/src/stm32f10x_gpio.o
GPIO_ETH_MediaInterfaceConfig                     libs/STM32_USB-FS-Device_Lib_V4.0.0/Libraries/STM32F10x_StdPeriph_Driver/src/stm32f10x_gpio.o
GPIO_EXTILineConfig                               libs/STM32_USB-FS-Device_Lib_V4.0.0/Libraries/STM32F10x_StdPeriph_Driver/src/stm32f10x_gpio.o
GPIO_EventOutputCmd                               libs/STM32_USB-FS-Device_Lib_V4.0.0/Libraries/STM32F10x_StdPeriph_Driver/src/stm32f10x_gpio.o
GPIO_EventOutputConfig                            libs/STM32_USB-FS-Device_Lib_V4.0.0/Libraries/STM32F10x_StdPeriph_Driver/src/stm32f10x_gpio.o
GPIO_Init                                         libs/STM32_USB-FS-Device_Lib_V4.0.0/Libraries/STM32F10x_StdPeriph_Driver/src/stm32f10x_gpio.o
                                                  usart/usart.o
                                                  key/key.o
                                                  beep/beep.o
                                                  pwm/timer.o
                                                  led/led.o
GPIO_PinLockConfig                                libs/STM32_USB-FS-Device_Lib_V4.0.0/Libraries/STM32F10x_StdPeriph_Driver/src/stm32f10x_gpio.o
GPIO_PinRemapConfig                               libs/STM32_USB-FS-Device_Lib_V4.0.0/Libraries/STM32F10x_StdPeriph_Driver/src/stm32f10x_gpio.o
                                                  pwm/timer.o
GPIO_ReadInputData                                libs/STM32_USB-FS-Device_Lib_V4.0.0/Libraries/STM32F10x_StdPeriph_Driver/src/stm32f10x_gpio.o
GPIO_ReadInputDataBit                             libs/STM32_USB-FS-Device_Lib_V4.0.0/Libraries/STM32F10x_StdPeriph_Driver/src/stm32f10x_gpio.o
                                                  key/key.o
GPIO_ReadOutputData                               libs/STM32_USB-FS-Device_Lib_V4.0.0/Libraries/STM32F10x_StdPeriph_Driver/src/stm32f10x_gpio.o
GPIO_ReadOutputDataBit                            libs/STM32_USB-FS-Device_Lib_V4.0.0/Libraries/STM32F10x_StdPeriph_Driver/src/stm32f10x_gpio.o
GPIO_ResetBits                                    libs/STM32_USB-FS-Device_Lib_V4.0.0/Libraries/STM32F10x_StdPeriph_Driver/src/stm32f10x_gpio.o
                                                  beep/beep.o
                                                  src/main.o
GPIO_SetBits                                      libs/STM32_USB-FS-Device_Lib_V4.0.0/Libraries/STM32F10x_StdPeriph_Driver/src/stm32f10x_gpio.o
                                                  src/main.o
                                                  led/led.o
GPIO_StructInit                                   libs/STM32_USB-FS-Device_Lib_V4.0.0/Libraries/STM32F10x_StdPeriph_Driver/src/stm32f10x_gpio.o
GPIO_Write                                        libs/STM32_USB-FS-Device_Lib_V4.0.0/Libraries/STM32F10x_StdPeriph_Driver/src/stm32f10x_gpio.o
GPIO_WriteBit                                     libs/STM32_USB-FS-Device_Lib_V4.0.0/Libraries/STM32F10x_StdPeriph_Driver/src/stm32f10x_gpio.o
HardFault_Handler                                 src/stm32f10x_it.o
I2C1_ER_IRQHandler                                /home/tavis/ARM/ST/STM32F103ZET6/Demo/libs/STM32_USB-FS-Device_Lib_V4.0.0/Libraries/CMSIS/Device/ST/STM32F10x/Source/Templates/gcc_ride7/startup_stm32f10x_hd.o
I2C1_EV_IRQHandler                                /home/tavis/ARM/ST/STM32F103ZET6/Demo/libs/STM32_USB-FS-Device_Lib_V4.0.0/Libraries/CMSIS/Device/ST/STM32F10x/Source/Templates/gcc_ride7/startup_stm32f10x_hd.o
I2C2_ER_IRQHandler                                /home/tavis/ARM/ST/STM32F103ZET6/Demo/libs/STM32_USB-FS-Device_Lib_V4.0.0/Libraries/CMSIS/Device/ST/STM32F10x/Source/Templates/gcc_ride7/startup_stm32f10x_hd.o
I2C2_EV_IRQHandler                                /home/tavis/ARM/ST/STM32F103ZET6/Demo/libs/STM32_USB-FS-Device_Lib_V4.0.0/Libraries/CMSIS/Device/ST/STM32F10x/Source/Templates/gcc_ride7/startup_stm32f10x_hd.o
I2C_ARPCmd                                        libs/STM32_USB-FS-Device_Lib_V4.0.0/Libraries/STM32F10x_StdPeriph_Driver/src/stm32f10x_i2c.o
I2C_AcknowledgeConfig                             libs/STM32_USB-FS-Device_Lib_V4.0.0/Libraries/STM32F10x_StdPeriph_Driver/src/stm32f10x_i2c.o
I2C_CalculatePEC                                  libs/STM32_USB-FS-Device_Lib_V4.0.0/Libraries/STM32F10x_StdPeriph_Driver/src/stm32f10x_i2c.o
I2C_CheckEvent                                    libs/STM32_USB-FS-Device_Lib_V4.0.0/Libraries/STM32F10x_StdPeriph_Driver/src/stm32f10x_i2c.o
I2C_ClearFlag                                     libs/STM32_USB-FS-Device_Lib_V4.0.0/Libraries/STM32F10x_StdPeriph_Driver/src/stm32f10x_i2c.o
I2C_ClearITPendingBit                             libs/STM32_USB-FS-Device_Lib_V4.0.0/Libraries/STM32F10x_StdPeriph_Driver/src/stm32f10x_i2c.o
I2C_Cmd                                           libs/STM32_USB-FS-Device_Lib_V4.0.0/Libraries/STM32F10x_StdPeriph_Driver/src/stm32f10x_i2c.o
I2C_DMACmd                                        libs/STM32_USB-FS-Device_Lib_V4.0.0/Libraries/STM32F10x_StdPeriph_Driver/src/stm32f10x_i2c.o
I2C_DMALastTransferCmd                            libs/STM32_USB-FS-Device_Lib_V4.0.0/Libraries/STM32F10x_StdPeriph_Driver/src/stm32f10x_i2c.o
I2C_DeInit                                        libs/STM32_USB-FS-Device_Lib_V4.0.0/Libraries/STM32F10x_StdPeriph_Driver/src/stm32f10x_i2c.o
I2C_DualAddressCmd                                libs/STM32_USB-FS-Device_Lib_V4.0.0/Libraries/STM32F10x_StdPeriph_Driver/src/stm32f10x_i2c.o
I2C_FastModeDutyCycleConfig                       libs/STM32_USB-FS-Device_Lib_V4.0.0/Libraries/STM32F10x_StdPeriph_Driver/src/stm32f10x_i2c.o
I2C_GeneralCallCmd                                libs/STM32_USB-FS-Device_Lib_V4.0.0/Libraries/STM32F10x_StdPeriph_Driver/src/stm32f10x_i2c.o
I2C_GenerateSTART                                 libs/STM32_USB-FS-Device_Lib_V4.0.0/Libraries/STM32F10x_StdPeriph_Driver/src/stm32f10x_i2c.o
I2C_GenerateSTOP                                  libs/STM32_USB-FS-Device_Lib_V4.0.0/Libraries/STM32F10x_StdPeriph_Driver/src/stm32f10x_i2c.o
I2C_GetFlagStatus                                 libs/STM32_USB-FS-Device_Lib_V4.0.0/Libraries/STM32F10x_StdPeriph_Driver/src/stm32f10x_i2c.o
I2C_GetITStatus                                   libs/STM32_USB-FS-Device_Lib_V4.0.0/Libraries/STM32F10x_StdPeriph_Driver/src/stm32f10x_i2c.o
I2C_GetLastEvent                                  libs/STM32_USB-FS-Device_Lib_V4.0.0/Libraries/STM32F10x_StdPeriph_Driver/src/stm32f10x_i2c.o
I2C_GetPEC                                        libs/STM32_USB-FS-Device_Lib_V4.0.0/Libraries/STM32F10x_StdPeriph_Driver/src/stm32f10x_i2c.o
I2C_ITConfig                                      libs/STM32_USB-FS-Device_Lib_V4.0.0/Libraries/STM32F10x_StdPeriph_Driver/src/stm32f10x_i2c.o
I2C_Init                                          libs/STM32_USB-FS-Device_Lib_V4.0.0/Libraries/STM32F10x_StdPeriph_Driver/src/stm32f10x_i2c.o
I2C_NACKPositionConfig                            libs/STM32_USB-FS-Device_Lib_V4.0.0/Libraries/STM32F10x_StdPeriph_Driver/src/stm32f10x_i2c.o
I2C_OwnAddress2Config                             libs/STM32_USB-FS-Device_Lib_V4.0.0/Libraries/STM32F10x_StdPeriph_Driver/src/stm32f10x_i2c.o
I2C_PECPositionConfig                             libs/STM32_USB-FS-Device_Lib_V4.0.0/Libraries/STM32F10x_StdPeriph_Driver/src/stm32f10x_i2c.o
I2C_ReadRegister                                  libs/STM32_USB-FS-Device_Lib_V4.0.0/Libraries/STM32F10x_StdPeriph_Driver/src/stm32f10x_i2c.o
I2C_ReceiveData                                   libs/STM32_USB-FS-Device_Lib_V4.0.0/Libraries/STM32F10x_StdPeriph_Driver/src/stm32f10x_i2c.o
I2C_SMBusAlertConfig                              libs/STM32_USB-FS-Device_Lib_V4.0.0/Libraries/STM32F10x_StdPeriph_Driver/src/stm32f10x_i2c.o
I2C_Send7bitAddress                               libs/STM32_USB-FS-Device_Lib_V4.0.0/Libraries/STM32F10x_StdPeriph_Driver/src/stm32f10x_i2c.o
I2C_SendData                                      libs/STM32_USB-FS-Device_Lib_V4.0.0/Libraries/STM32F10x_StdPeriph_Driver/src/stm32f10x_i2c.o
I2C_SoftwareResetCmd                              libs/STM32_USB-FS-Device_Lib_V4.0.0/Libraries/STM32F10x_StdPeriph_Driver/src/stm32f10x_i2c.o
I2C_StretchClockCmd                               libs/STM32_USB-FS-Device_Lib_V4.0.0/Libraries/STM32F10x_StdPeriph_Driver/src/stm32f10x_i2c.o
I2C_StructInit                                    libs/STM32_USB-FS-Device_Lib_V4.0.0/Libraries/STM32F10x_StdPeriph_Driver/src/stm32f10x_i2c.o
I2C_TransmitPEC                                   libs/STM32_USB-FS-Device_Lib_V4.0.0/Libraries/STM32F10x_StdPeriph_Driver/src/stm32f10x_i2c.o
I2S_Cmd                                           libs/STM32_USB-FS-Device_Lib_V4.0.0/Libraries/STM32F10x_StdPeriph_Driver/src/stm32f10x_spi.o
I2S_Init                                          libs/STM32_USB-FS-Device_Lib_V4.0.0/Libraries/STM32F10x_StdPeriph_Driver/src/stm32f10x_spi.o
I2S_StructInit                                    libs/STM32_USB-FS-Device_Lib_V4.0.0/Libraries/STM32F10x_StdPeriph_Driver/src/stm32f10x_spi.o
IWDG_Enable                                       libs/STM32_USB-FS-Device_Lib_V4.0.0/Libraries/STM32F10x_StdPeriph_Driver/src/stm32f10x_iwdg.o
IWDG_GetFlagStatus                                libs/STM32_USB-FS-Device_Lib_V4.0.0/Libraries/STM32F10x_StdPeriph_Driver/src/stm32f10x_iwdg.o
IWDG_ReloadCounter                                libs/STM32_USB-FS-Device_Lib_V4.0.0/Libraries/STM32F10x_StdPeriph_Driver/src/stm32f10x_iwdg.o
IWDG_SetPrescaler                                 libs/STM32_USB-FS-Device_Lib_V4.0.0/Libraries/STM32F10x_StdPeriph_Driver/src/stm32f10x_iwdg.o
IWDG_SetReload                                    libs/STM32_USB-FS-Device_Lib_V4.0.0/Libraries/STM32F10x_StdPeriph_Driver/src/stm32f10x_iwdg.o
IWDG_WriteAccessCmd                               libs/STM32_USB-FS-Device_Lib_V4.0.0/Libraries/STM32F10x_StdPeriph_Driver/src/stm32f10x_iwdg.o
Key_Init                                          key/key.o
                                                  src/main.o
Key_Press                                         src/main.o
Key_Scan                                          key/key.o
                                                  src/main.o
LED_Blink                                         src/main.o
LED_Init                                          led/led.o
                                                  src/main.o
MemManage_Handler                                 src/stm32f10x_it.o
NMI_Handler                                       src/stm32f10x_it.o
NVIC_Configuration                                tools/sys.o
NVIC_Init                                         libs/STM32_USB-FS-Device_Lib_V4.0.0/Libraries/STM32F10x_StdPeriph_Driver/src/misc.o
                                                  usart/usart.o
                                                  pwm/timer.o
NVIC_PriorityGroupConfig                          libs/STM32_USB-FS-Device_Lib_V4.0.0/Libraries/STM32F10x_StdPeriph_Driver/src/misc.o
                                                  tools/sys.o
NVIC_SetVectorTable                               libs/STM32_USB-FS-Device_Lib_V4.0.0/Libraries/STM32F10x_StdPeriph_Driver/src/misc.o
NVIC_SystemLPConfig                               libs/STM32_USB-FS-Device_Lib_V4.0.0/Libraries/STM32F10x_StdPeriph_Driver/src/misc.o
PVD_IRQHandler                                    /home/tavis/ARM/ST/STM32F103ZET6/Demo/libs/STM32_USB-FS-Device_Lib_V4.0.0/Libraries/CMSIS/Device/ST/STM32F10x/Source/Templates/gcc_ride7/startup_stm32f10x_hd.o
PWR_BackupAccessCmd                               libs/STM32_USB-FS-Device_Lib_V4.0.0/Libraries/STM32F10x_StdPeriph_Driver/src/stm32f10x_pwr.o
PWR_ClearFlag                                     libs/STM32_USB-FS-Device_Lib_V4.0.0/Libraries/STM32F10x_StdPeriph_Driver/src/stm32f10x_pwr.o
PWR_DeInit                                        libs/STM32_USB-FS-Device_Lib_V4.0.0/Libraries/STM32F10x_StdPeriph_Driver/src/stm32f10x_pwr.o
PWR_EnterSTANDBYMode                              libs/STM32_USB-FS-Device_Lib_V4.0.0/Libraries/STM32F10x_StdPeriph_Driver/src/stm32f10x_pwr.o
PWR_EnterSTOPMode                                 libs/STM32_USB-FS-Device_Lib_V4.0.0/Libraries/STM32F10x_StdPeriph_Driver/src/stm32f10x_pwr.o
PWR_GetFlagStatus                                 libs/STM32_USB-FS-Device_Lib_V4.0.0/Libraries/STM32F10x_StdPeriph_Driver/src/stm32f10x_pwr.o
PWR_PVDCmd                                        libs/STM32_USB-FS-Device_Lib_V4.0.0/Libraries/STM32F10x_StdPeriph_Driver/src/stm32f10x_pwr.o
PWR_PVDLevelConfig                                libs/STM32_USB-FS-Device_Lib_V4.0.0/Libraries/STM32F10x_StdPeriph_Driver/src/stm32f10x_pwr.o
PWR_WakeUpPinCmd                                  libs/STM32_USB-FS-Device_Lib_V4.0.0/Libraries/STM32F10x_StdPeriph_Driver/src/stm32f10x_pwr.o
PendSV_Handler                                    src/stm32f10x_it.o
RCC_ADCCLKConfig                                  libs/STM32_USB-FS-Device_Lib_V4.0.0/Libraries/STM32F10x_StdPeriph_Driver/src/stm32f10x_rcc.o
RCC_AHBPeriphClockCmd                             libs/STM32_USB-FS-Device_Lib_V4.0.0/Libraries/STM32F10x_StdPeriph_Driver/src/stm32f10x_rcc.o
RCC_APB1PeriphClockCmd                            libs/STM32_USB-FS-Device_Lib_V4.0.0/Libraries/STM32F10x_StdPeriph_Driver/src/stm32f10x_rcc.o
                                                  pwm/timer.o
RCC_APB1PeriphResetCmd                            libs/STM32_USB-FS-Device_Lib_V4.0.0/Libraries/STM32F10x_StdPeriph_Driver/src/stm32f10x_rcc.o
                                                  libs/STM32_USB-FS-Device_Lib_V4.0.0/Libraries/STM32F10x_StdPeriph_Driver/src/stm32f10x_wwdg.o
                                                  libs/STM32_USB-FS-Device_Lib_V4.0.0/Libraries/STM32F10x_StdPeriph_Driver/src/stm32f10x_usart.o
                                                  libs/STM32_USB-FS-Device_Lib_V4.0.0/Libraries/STM32F10x_StdPeriph_Driver/src/stm32f10x_tim.o
                                                  libs/STM32_USB-FS-Device_Lib_V4.0.0/Libraries/STM32F10x_StdPeriph_Driver/src/stm32f10x_spi.o
                                                  libs/STM32_USB-FS-Device_Lib_V4.0.0/Libraries/STM32F10x_StdPeriph_Driver/src/stm32f10x_pwr.o
                                                  libs/STM32_USB-FS-Device_Lib_V4.0.0/Libraries/STM32F10x_StdPeriph_Driver/src/stm32f10x_i2c.o
                                                  libs/STM32_USB-FS-Device_Lib_V4.0.0/Libraries/STM32F10x_StdPeriph_Driver/src/stm32f10x_dac.o
                                                  libs/STM32_USB-FS-Device_Lib_V4.0.0/Libraries/STM32F10x_StdPeriph_Driver/src/stm32f10x_cec.o
                                                  libs/STM32_USB-FS-Device_Lib_V4.0.0/Libraries/STM32F10x_StdPeriph_Driver/src/stm32f10x_can.o
RCC_APB2PeriphClockCmd                            libs/STM32_USB-FS-Device_Lib_V4.0.0/Libraries/STM32F10x_StdPeriph_Driver/src/stm32f10x_rcc.o
                                                  usart/usart.o
                                                  key/key.o
                                                  beep/beep.o
                                                  pwm/timer.o
                                                  led/led.o
RCC_APB2PeriphResetCmd                            libs/STM32_USB-FS-Device_Lib_V4.0.0/Libraries/STM32F10x_StdPeriph_Driver/src/stm32f10x_rcc.o
                                                  libs/STM32_USB-FS-Device_Lib_V4.0.0/Libraries/STM32F10x_StdPeriph_Driver/src/stm32f10x_usart.o
                                                  libs/STM32_USB-FS-Device_Lib_V4.0.0/Libraries/STM32F10x_StdPeriph_Driver/src/stm32f10x_tim.o
                                                  libs/STM32_USB-FS-Device_Lib_V4.0.0/Libraries/STM32F10x_StdPeriph_Driver/src/stm32f10x_spi.o
                                                  libs/STM32_USB-FS-Device_Lib_V4.0.0/Libraries/STM32F10x_StdPeriph_Driver/src/stm32f10x_gpio.o
                                                  libs/STM32_USB-FS-Device_Lib_V4.0.0/Libraries/STM32F10x_StdPeriph_Driver/src/stm32f10x_adc.o
RCC_AdjustHSICalibrationValue                     libs/STM32_USB-FS-Device_Lib_V4.0.0/Libraries/STM32F10x_StdPeriph_Driver/src/stm32f10x_rcc.o
RCC_BackupResetCmd                                libs/STM32_USB-FS-Device_Lib_V4.0.0/Libraries/STM32F10x_StdPeriph_Driver/src/stm32f10x_rcc.o
                                                  libs/STM32_USB-FS-Device_Lib_V4.0.0/Libraries/STM32F10x_StdPeriph_Driver/src/stm32f10x_bkp.o
RCC_ClearFlag                                     libs/STM32_USB-FS-Device_Lib_V4.0.0/Libraries/STM32F10x_StdPeriph_Driver/src/stm32f10x_rcc.o
RCC_ClearITPendingBit                             libs/STM32_USB-FS-Device_Lib_V4.0.0/Libraries/STM32F10x_StdPeriph_Driver/src/stm32f10x_rcc.o
RCC_ClockSecuritySystemCmd                        libs/STM32_USB-FS-Device_Lib_V4.0.0/Libraries/STM32F10x_StdPeriph_Driver/src/stm32f10x_rcc.o
RCC_DeInit                                        libs/STM32_USB-FS-Device_Lib_V4.0.0/Libraries/STM32F10x_StdPeriph_Driver/src/stm32f10x_rcc.o
RCC_GetClocksFreq                                 libs/STM32_USB-FS-Device_Lib_V4.0.0/Libraries/STM32F10x_StdPeriph_Driver/src/stm32f10x_rcc.o
                                                  libs/STM32_USB-FS-Device_Lib_V4.0.0/Libraries/STM32F10x_StdPeriph_Driver/src/stm32f10x_usart.o
                                                  libs/STM32_USB-FS-Device_Lib_V4.0.0/Libraries/STM32F10x_StdPeriph_Driver/src/stm32f10x_spi.o
                                                  libs/STM32_USB-FS-Device_Lib_V4.0.0/Libraries/STM32F10x_StdPeriph_Driver/src/stm32f10x_i2c.o
RCC_GetFlagStatus                                 libs/STM32_USB-FS-Device_Lib_V4.0.0/Libraries/STM32F10x_StdPeriph_Driver/src/stm32f10x_rcc.o
RCC_GetITStatus                                   libs/STM32_USB-FS-Device_Lib_V4.0.0/Libraries/STM32F10x_StdPeriph_Driver/src/stm32f10x_rcc.o
RCC_GetSYSCLKSource                               libs/STM32_USB-FS-Device_Lib_V4.0.0/Libraries/STM32F10x_StdPeriph_Driver/src/stm32f10x_rcc.o
RCC_HCLKConfig                                    libs/STM32_USB-FS-Device_Lib_V4.0.0/Libraries/STM32F10x_StdPeriph_Driver/src/stm32f10x_rcc.o
RCC_HSEConfig                                     libs/STM32_USB-FS-Device_Lib_V4.0.0/Libraries/STM32F10x_StdPeriph_Driver/src/stm32f10x_rcc.o
RCC_HSICmd                                        libs/STM32_USB-FS-Device_Lib_V4.0.0/Libraries/STM32F10x_StdPeriph_Driver/src/stm32f10x_rcc.o
RCC_IRQHandler                                    /home/tavis/ARM/ST/STM32F103ZET6/Demo/libs/STM32_USB-FS-Device_Lib_V4.0.0/Libraries/CMSIS/Device/ST/STM32F10x/Source/Templates/gcc_ride7/startup_stm32f10x_hd.o
RCC_ITConfig                                      libs/STM32_USB-FS-Device_Lib_V4.0.0/Libraries/STM32F10x_StdPeriph_Driver/src/stm32f10x_rcc.o
RCC_LSEConfig                                     libs/STM32_USB-FS-Device_Lib_V4.0.0/Libraries/STM32F10x_StdPeriph_Driver/src/stm32f10x_rcc.o
RCC_LSICmd                                        libs/STM32_USB-FS-Device_Lib_V4.0.0/Libraries/STM32F10x_StdPeriph_Driver/src/stm32f10x_rcc.o
RCC_MCOConfig                                     libs/STM32_USB-FS-Device_Lib_V4.0.0/Libraries/STM32F10x_StdPeriph_Driver/src/stm32f10x_rcc.o
RCC_PCLK1Config                                   libs/STM32_USB-FS-Device_Lib_V4.0.0/Libraries/STM32F10x_StdPeriph_Driver/src/stm32f10x_rcc.o
RCC_PCLK2Config                                   libs/STM32_USB-FS-Device_Lib_V4.0.0/Libraries/STM32F10x_StdPeriph_Driver/src/stm32f10x_rcc.o
RCC_PLLCmd                                        libs/STM32_USB-FS-Device_Lib_V4.0.0/Libraries/STM32F10x_StdPeriph_Driver/src/stm32f10x_rcc.o
RCC_PLLConfig                                     libs/STM32_USB-FS-Device_Lib_V4.0.0/Libraries/STM32F10x_StdPeriph_Driver/src/stm32f10x_rcc.o
RCC_RTCCLKCmd                                     libs/STM32_USB-FS-Device_Lib_V4.0.0/Libraries/STM32F10x_StdPeriph_Driver/src/stm32f10x_rcc.o
RCC_RTCCLKConfig                                  libs/STM32_USB-FS-Device_Lib_V4.0.0/Libraries/STM32F10x_StdPeriph_Driver/src/stm32f10x_rcc.o
RCC_SYSCLKConfig                                  libs/STM32_USB-FS-Device_Lib_V4.0.0/Libraries/STM32F10x_StdPeriph_Driver/src/stm32f10x_rcc.o
RCC_USBCLKConfig                                  libs/STM32_USB-FS-Device_Lib_V4.0.0/Libraries/STM32F10x_StdPeriph_Driver/src/stm32f10x_rcc.o
RCC_WaitForHSEStartUp                             libs/STM32_USB-FS-Device_Lib_V4.0.0/Libraries/STM32F10x_StdPeriph_Driver/src/stm32f10x_rcc.o
RTCAlarm_IRQHandler                               /home/tavis/ARM/ST/STM32F103ZET6/Demo/libs/STM32_USB-FS-Device_Lib_V4.0.0/Libraries/CMSIS/Device/ST/STM32F10x/Source/Templates/gcc_ride7/startup_stm32f10x_hd.o
RTC_ClearFlag                                     libs/STM32_USB-FS-Device_Lib_V4.0.0/Libraries/STM32F10x_StdPeriph_Driver/src/stm32f10x_rtc.o
RTC_ClearITPendingBit                             libs/STM32_USB-FS-Device_Lib_V4.0.0/Libraries/STM32F10x_StdPeriph_Driver/src/stm32f10x_rtc.o
RTC_EnterConfigMode                               libs/STM32_USB-FS-Device_Lib_V4.0.0/Libraries/STM32F10x_StdPeriph_Driver/src/stm32f10x_rtc.o
RTC_ExitConfigMode                                libs/STM32_USB-FS-Device_Lib_V4.0.0/Libraries/STM32F10x_StdPeriph_Driver/src/stm32f10x_rtc.o
RTC_GetCounter                                    libs/STM32_USB-FS-Device_Lib_V4.0.0/Libraries/STM32F10x_StdPeriph_Driver/src/stm32f10x_rtc.o
RTC_GetDivider                                    libs/STM32_USB-FS-Device_Lib_V4.0.0/Libraries/STM32F10x_StdPeriph_Driver/src/stm32f10x_rtc.o
RTC_GetFlagStatus                                 libs/STM32_USB-FS-Device_Lib_V4.0.0/Libraries/STM32F10x_StdPeriph_Driver/src/stm32f10x_rtc.o
RTC_GetITStatus                                   libs/STM32_USB-FS-Device_Lib_V4.0.0/Libraries/STM32F10x_StdPeriph_Driver/src/stm32f10x_rtc.o
RTC_IRQHandler                                    /home/tavis/ARM/ST/STM32F103ZET6/Demo/libs/STM32_USB-FS-Device_Lib_V4.0.0/Libraries/CMSIS/Device/ST/STM32F10x/Source/Templates/gcc_ride7/startup_stm32f10x_hd.o
RTC_ITConfig                                      libs/STM32_USB-FS-Device_Lib_V4.0.0/Libraries/STM32F10x_StdPeriph_Driver/src/stm32f10x_rtc.o
RTC_SetAlarm                                      libs/STM32_USB-FS-Device_Lib_V4.0.0/Libraries/STM32F10x_StdPeriph_Driver/src/stm32f10x_rtc.o
RTC_SetCounter                                    libs/STM32_USB-FS-Device_Lib_V4.0.0/Libraries/STM32F10x_StdPeriph_Driver/src/stm32f10x_rtc.o
RTC_SetPrescaler                                  libs/STM32_USB-FS-Device_Lib_V4.0.0/Libraries/STM32F10x_StdPeriph_Driver/src/stm32f10x_rtc.o
RTC_WaitForLastTask                               libs/STM32_USB-FS-Device_Lib_V4.0.0/Libraries/STM32F10x_StdPeriph_Driver/src/stm32f10x_rtc.o
RTC_WaitForSynchro                                libs/STM32_USB-FS-Device_Lib_V4.0.0/Libraries/STM32F10x_StdPeriph_Driver/src/stm32f10x_rtc.o
Reset_Handler                                     /home/tavis/ARM/ST/STM32F103ZET6/Demo/libs/STM32_USB-FS-Device_Lib_V4.0.0/Libraries/CMSIS/Device/ST/STM32F10x/Source/Templates/gcc_ride7/startup_stm32f10x_hd.o
SDIO_CEATAITCmd                                   libs/STM32_USB-FS-Device_Lib_V4.0.0/Libraries/STM32F10x_StdPeriph_Driver/src/stm32f10x_sdio.o
SDIO_ClearFlag                                    libs/STM32_USB-FS-Device_Lib_V4.0.0/Libraries/STM32F10x_StdPeriph_Driver/src/stm32f10x_sdio.o
SDIO_ClearITPendingBit                            libs/STM32_USB-FS-Device_Lib_V4.0.0/Libraries/STM32F10x_StdPeriph_Driver/src/stm32f10x_sdio.o
SDIO_ClockCmd                                     libs/STM32_USB-FS-Device_Lib_V4.0.0/Libraries/STM32F10x_StdPeriph_Driver/src/stm32f10x_sdio.o
SDIO_CmdStructInit                                libs/STM32_USB-FS-Device_Lib_V4.0.0/Libraries/STM32F10x_StdPeriph_Driver/src/stm32f10x_sdio.o
SDIO_CommandCompletionCmd                         libs/STM32_USB-FS-Device_Lib_V4.0.0/Libraries/STM32F10x_StdPeriph_Driver/src/stm32f10x_sdio.o
SDIO_DMACmd                                       libs/STM32_USB-FS-Device_Lib_V4.0.0/Libraries/STM32F10x_StdPeriph_Driver/src/stm32f10x_sdio.o
SDIO_DataConfig                                   libs/STM32_USB-FS-Device_Lib_V4.0.0/Libraries/STM32F10x_StdPeriph_Driver/src/stm32f10x_sdio.o
SDIO_DataStructInit                               libs/STM32_USB-FS-Device_Lib_V4.0.0/Libraries/STM32F10x_StdPeriph_Driver/src/stm32f10x_sdio.o
SDIO_DeInit                                       libs/STM32_USB-FS-Device_Lib_V4.0.0/Libraries/STM32F10x_StdPeriph_Driver/src/stm32f10x_sdio.o
SDIO_GetCommandResponse                           libs/STM32_USB-FS-Device_Lib_V4.0.0/Libraries/STM32F10x_StdPeriph_Driver/src/stm32f10x_sdio.o
SDIO_GetDataCounter                               libs/STM32_USB-FS-Device_Lib_V4.0.0/Libraries/STM32F10x_StdPeriph_Driver/src/stm32f10x_sdio.o
SDIO_GetFIFOCount                                 libs/STM32_USB-FS-Device_Lib_V4.0.0/Libraries/STM32F10x_StdPeriph_Driver/src/stm32f10x_sdio.o
SDIO_GetFlagStatus                                libs/STM32_USB-FS-Device_Lib_V4.0.0/Libraries/STM32F10x_StdPeriph_Driver/src/stm32f10x_sdio.o
SDIO_GetITStatus                                  libs/STM32_USB-FS-Device_Lib_V4.0.0/Libraries/STM32F10x_StdPeriph_Driver/src/stm32f10x_sdio.o
SDIO_GetPowerState                                libs/STM32_USB-FS-Device_Lib_V4.0.0/Libraries/STM32F10x_StdPeriph_Driver/src/stm32f10x_sdio.o
SDIO_GetResponse                                  libs/STM32_USB-FS-Device_Lib_V4.0.0/Libraries/STM32F10x_StdPeriph_Driver/src/stm32f10x_sdio.o
SDIO_IRQHandler                                   /home/tavis/ARM/ST/STM32F103ZET6/Demo/libs/STM32_USB-FS-Device_Lib_V4.0.0/Libraries/CMSIS/Device/ST/STM32F10x/Source/Templates/gcc_ride7/startup_stm32f10x_hd.o
SDIO_ITConfig                                     libs/STM32_USB-FS-Device_Lib_V4.0.0/Libraries/STM32F10x_StdPeriph_Driver/src/stm32f10x_sdio.o
SDIO_Init                                         libs/STM32_USB-FS-Device_Lib_V4.0.0/Libraries/STM32F10x_StdPeriph_Driver/src/stm32f10x_sdio.o
SDIO_ReadData                                     libs/STM32_USB-FS-Device_Lib_V4.0.0/Libraries/STM32F10x_StdPeriph_Driver/src/stm32f10x_sdio.o
SDIO_SendCEATACmd                                 libs/STM32_USB-FS-Device_Lib_V4.0.0/Libraries/STM32F10x_StdPeriph_Driver/src/stm32f10x_sdio.o
SDIO_SendCommand                                  libs/STM32_USB-FS-Device_Lib_V4.0.0/Libraries/STM32F10x_StdPeriph_Driver/src/stm32f10x_sdio.o
SDIO_SendSDIOSuspendCmd                           libs/STM32_USB-FS-Device_Lib_V4.0.0/Libraries/STM32F10x_StdPeriph_Driver/src/stm32f10x_sdio.o
SDIO_SetPowerState                                libs/STM32_USB-FS-Device_Lib_V4.0.0/Libraries/STM32F10x_StdPeriph_Driver/src/stm32f10x_sdio.o
SDIO_SetSDIOOperation                             libs/STM32_USB-FS-Device_Lib_V4.0.0/Libraries/STM32F10x_StdPeriph_Driver/src/stm32f10x_sdio.o
SDIO_SetSDIOReadWaitMode                          libs/STM32_USB-FS-Device_Lib_V4.0.0/Libraries/STM32F10x_StdPeriph_Driver/src/stm32f10x_sdio.o
SDIO_StartSDIOReadWait                            libs/STM32_USB-FS-Device_Lib_V4.0.0/Libraries/STM32F10x_StdPeriph_Driver/src/stm32f10x_sdio.o
SDIO_StopSDIOReadWait                             libs/STM32_USB-FS-Device_Lib_V4.0.0/Libraries/STM32F10x_StdPeriph_Driver/src/stm32f10x_sdio.o
SDIO_StructInit                                   libs/STM32_USB-FS-Device_Lib_V4.0.0/Libraries/STM32F10x_StdPeriph_Driver/src/stm32f10x_sdio.o
SDIO_WriteData                                    libs/STM32_USB-FS-Device_Lib_V4.0.0/Libraries/STM32F10x_StdPeriph_Driver/src/stm32f10x_sdio.o
SPI1_IRQHandler                                   /home/tavis/ARM/ST/STM32F103ZET6/Demo/libs/STM32_USB-FS-Device_Lib_V4.0.0/Libraries/CMSIS/Device/ST/STM32F10x/Source/Templates/gcc_ride7/startup_stm32f10x_hd.o
SPI2_IRQHandler                                   /home/tavis/ARM/ST/STM32F103ZET6/Demo/libs/STM32_USB-FS-Device_Lib_V4.0.0/Libraries/CMSIS/Device/ST/STM32F10x/Source/Templates/gcc_ride7/startup_stm32f10x_hd.o
SPI3_IRQHandler                                   /home/tavis/ARM/ST/STM32F103ZET6/Demo/libs/STM32_USB-FS-Device_Lib_V4.0.0/Libraries/CMSIS/Device/ST/STM32F10x/Source/Templates/gcc_ride7/startup_stm32f10x_hd.o
SPI_BiDirectionalLineConfig                       libs/STM32_USB-FS-Device_Lib_V4.0.0/Libraries/STM32F10x_StdPeriph_Driver/src/stm32f10x_spi.o
SPI_CalculateCRC                                  libs/STM32_USB-FS-Device_Lib_V4.0.0/Libraries/STM32F10x_StdPeriph_Driver/src/stm32f10x_spi.o
SPI_Cmd                                           libs/STM32_USB-FS-Device_Lib_V4.0.0/Libraries/STM32F10x_StdPeriph_Driver/src/stm32f10x_spi.o
SPI_DataSizeConfig                                libs/STM32_USB-FS-Device_Lib_V4.0.0/Libraries/STM32F10x_StdPeriph_Driver/src/stm32f10x_spi.o
SPI_GetCRC                                        libs/STM32_USB-FS-Device_Lib_V4.0.0/Libraries/STM32F10x_StdPeriph_Driver/src/stm32f10x_spi.o
SPI_GetCRCPolynomial                              libs/STM32_USB-FS-Device_Lib_V4.0.0/Libraries/STM32F10x_StdPeriph_Driver/src/stm32f10x_spi.o
SPI_I2S_ClearFlag                                 libs/STM32_USB-FS-Device_Lib_V4.0.0/Libraries/STM32F10x_StdPeriph_Driver/src/stm32f10x_spi.o
SPI_I2S_ClearITPendingBit                         libs/STM32_USB-FS-Device_Lib_V4.0.0/Libraries/STM32F10x_StdPeriph_Driver/src/stm32f10x_spi.o
SPI_I2S_DMACmd                                    libs/STM32_USB-FS-Device_Lib_V4.0.0/Libraries/STM32F10x_StdPeriph_Driver/src/stm32f10x_spi.o
SPI_I2S_DeInit                                    libs/STM32_USB-FS-Device_Lib_V4.0.0/Libraries/STM32F10x_StdPeriph_Driver/src/stm32f10x_spi.o
SPI_I2S_GetFlagStatus                             libs/STM32_USB-FS-Device_Lib_V4.0.0/Libraries/STM32F10x_StdPeriph_Driver/src/stm32f10x_spi.o
SPI_I2S_GetITStatus                               libs/STM32_USB-FS-Device_Lib_V4.0.0/Libraries/STM32F10x_StdPeriph_Driver/src/stm32f10x_spi.o
SPI_I2S_ITConfig                                  libs/STM32_USB-FS-Device_Lib_V4.0.0/Libraries/STM32F10x_StdPeriph_Driver/src/stm32f10x_spi.o
SPI_I2S_ReceiveData                               libs/STM32_USB-FS-Device_Lib_V4.0.0/Libraries/STM32F10x_StdPeriph_Driver/src/stm32f10x_spi.o
SPI_I2S_SendData                                  libs/STM32_USB-FS-Device_Lib_V4.0.0/Libraries/STM32F10x_StdPeriph_Driver/src/stm32f10x_spi.o
SPI_Init                                          libs/STM32_USB-FS-Device_Lib_V4.0.0/Libraries/STM32F10x_StdPeriph_Driver/src/stm32f10x_spi.o
SPI_NSSInternalSoftwareConfig                     libs/STM32_USB-FS-Device_Lib_V4.0.0/Libraries/STM32F10x_StdPeriph_Driver/src/stm32f10x_spi.o
SPI_SSOutputCmd                                   libs/STM32_USB-FS-Device_Lib_V4.0.0/Libraries/STM32F10x_StdPeriph_Driver/src/stm32f10x_spi.o
SPI_StructInit                                    libs/STM32_USB-FS-Device_Lib_V4.0.0/Libraries/STM32F10x_StdPeriph_Driver/src/stm32f10x_spi.o
SPI_TransmitCRC                                   libs/STM32_USB-FS-Device_Lib_V4.0.0/Libraries/STM32F10x_StdPeriph_Driver/src/stm32f10x_spi.o
SVC_Handler                                       src/stm32f10x_it.o
SysTick_CLKSourceConfig                           libs/STM32_USB-FS-Device_Lib_V4.0.0/Libraries/STM32F10x_StdPeriph_Driver/src/misc.o
                                                  tools/delay.o
SysTick_Handler                                   src/stm32f10x_it.o
SystemCoreClock                                   libs/STM32_USB-FS-Device_Lib_V4.0.0/Libraries/CMSIS/Device/ST/STM32F10x/Source/Templates/system_stm32f10x.o
                                                  tools/delay.o
SystemCoreClockUpdate                             libs/STM32_USB-FS-Device_Lib_V4.0.0/Libraries/CMSIS/Device/ST/STM32F10x/Source/Templates/system_stm32f10x.o
SystemInit                                        libs/STM32_USB-FS-Device_Lib_V4.0.0/Libraries/CMSIS/Device/ST/STM32F10x/Source/Templates/system_stm32f10x.o